Archive member included because of file (symbol)

c:/winavr-20100110/bin/../lib/gcc/avr/4.3.3/avr5\libgcc.a(_mulsi3.o)
                              obj\Debug\RP6Lib\RP6base\RP6RobotBaseLib.o (__mulsi3)
c:/winavr-20100110/bin/../lib/gcc/avr/4.3.3/avr5\libgcc.a(_udivmodhi4.o)
                              obj\Debug\RP6Lib\RP6base\RP6RobotBaseLib.o (__udivmodhi4)
c:/winavr-20100110/bin/../lib/gcc/avr/4.3.3/avr5\libgcc.a(_udivmodsi4.o)
                              obj\Debug\RP6Lib\RP6base\RP6RobotBaseLib.o (__udivmodsi4)
c:/winavr-20100110/bin/../lib/gcc/avr/4.3.3/avr5\libgcc.a(_exit.o)
                              c:/winavr-20100110/bin/../lib/gcc/avr/4.3.3/../../../../avr/lib/avr5/crtm32.o (exit)
c:/winavr-20100110/bin/../lib/gcc/avr/4.3.3/avr5\libgcc.a(_copy_data.o)
                              obj\Debug\main.o (__do_copy_data)
c:/winavr-20100110/bin/../lib/gcc/avr/4.3.3/avr5\libgcc.a(_clear_bss.o)
                              obj\Debug\main.o (__do_clear_bss)
c:/winavr-20100110/bin/../lib/gcc/avr/4.3.3/avr5\libgcc.a(_fixunssfsi.o)
                              obj\Debug\main.o (__fixunssfsi)
c:/winavr-20100110/bin/../lib/gcc/avr/4.3.3/avr5\libgcc.a(_addsub_sf.o)
                              c:/winavr-20100110/bin/../lib/gcc/avr/4.3.3/avr5\libgcc.a(_fixunssfsi.o) (__subsf3)
c:/winavr-20100110/bin/../lib/gcc/avr/4.3.3/avr5\libgcc.a(_div_sf.o)
                              obj\Debug\main.o (__divsf3)
c:/winavr-20100110/bin/../lib/gcc/avr/4.3.3/avr5\libgcc.a(_ge_sf.o)
                              c:/winavr-20100110/bin/../lib/gcc/avr/4.3.3/avr5\libgcc.a(_fixunssfsi.o) (__gesf2)
c:/winavr-20100110/bin/../lib/gcc/avr/4.3.3/avr5\libgcc.a(_sf_to_si.o)
                              c:/winavr-20100110/bin/../lib/gcc/avr/4.3.3/avr5\libgcc.a(_fixunssfsi.o) (__fixsfsi)
c:/winavr-20100110/bin/../lib/gcc/avr/4.3.3/avr5\libgcc.a(_thenan_sf.o)
                              c:/winavr-20100110/bin/../lib/gcc/avr/4.3.3/avr5\libgcc.a(_addsub_sf.o) (__thenan_sf)
c:/winavr-20100110/bin/../lib/gcc/avr/4.3.3/avr5\libgcc.a(_usi_to_sf.o)
                              obj\Debug\main.o (__floatunsisf)
c:/winavr-20100110/bin/../lib/gcc/avr/4.3.3/avr5\libgcc.a(_prologue.o)
                              c:/winavr-20100110/bin/../lib/gcc/avr/4.3.3/avr5\libgcc.a(_addsub_sf.o) (__prologue_saves__)
c:/winavr-20100110/bin/../lib/gcc/avr/4.3.3/avr5\libgcc.a(_epilogue.o)
                              c:/winavr-20100110/bin/../lib/gcc/avr/4.3.3/avr5\libgcc.a(_addsub_sf.o) (__epilogue_restores__)
c:/winavr-20100110/bin/../lib/gcc/avr/4.3.3/avr5\libgcc.a(_clzsi2.o)
                              c:/winavr-20100110/bin/../lib/gcc/avr/4.3.3/avr5\libgcc.a(_usi_to_sf.o) (__clzsi2)
c:/winavr-20100110/bin/../lib/gcc/avr/4.3.3/avr5\libgcc.a(_pack_sf.o)
                              c:/winavr-20100110/bin/../lib/gcc/avr/4.3.3/avr5\libgcc.a(_addsub_sf.o) (__pack_f)
c:/winavr-20100110/bin/../lib/gcc/avr/4.3.3/avr5\libgcc.a(_unpack_sf.o)
                              c:/winavr-20100110/bin/../lib/gcc/avr/4.3.3/avr5\libgcc.a(_addsub_sf.o) (__unpack_f)
c:/winavr-20100110/bin/../lib/gcc/avr/4.3.3/avr5\libgcc.a(_fpcmp_parts_sf.o)
                              c:/winavr-20100110/bin/../lib/gcc/avr/4.3.3/avr5\libgcc.a(_ge_sf.o) (__fpcmp_parts_f)
c:/winavr-20100110/bin/../lib/gcc/avr/4.3.3/avr5\libgcc.a(_clz.o)
                              c:/winavr-20100110/bin/../lib/gcc/avr/4.3.3/avr5\libgcc.a(_clzsi2.o) (__clz_tab)
c:/winavr-20100110/bin/../lib/gcc/avr/4.3.3/../../../../avr/lib/avr5\libc.a(strlen.o)
                              obj\Debug\RP6Lib\RP6common\RP6uart.o (strlen)
c:/winavr-20100110/bin/../lib/gcc/avr/4.3.3/../../../../avr/lib/avr5\libc.a(itoa.o)
                              obj\Debug\RP6Lib\RP6common\RP6uart.o (itoa)
c:/winavr-20100110/bin/../lib/gcc/avr/4.3.3/../../../../avr/lib/avr5\libc.a(strrev.o)
                              c:/winavr-20100110/bin/../lib/gcc/avr/4.3.3/../../../../avr/lib/avr5\libc.a(itoa.o) (strrev)

Allocating common symbols
Common symbol       size              file

bumper_left         0x1               obj\Debug\RP6Lib\RP6base\RP6RobotBaseLib.o
preStop_R           0x2               obj\Debug\RP6Lib\RP6base\RP6RobotBaseLib.o
mright_des_speed    0x2               obj\Debug\RP6Lib\RP6base\RP6RobotBaseLib.o
I2CTWI_genCallCMD   0x1               obj\Debug\RP6Lib\RP6common\RP6I2CslaveTWI.o
timer               0x2               obj\Debug\main.o
mleft_des_speed     0x2               obj\Debug\RP6Lib\RP6base\RP6RobotBaseLib.o
mleft_des_speed_tmp
                    0x2               obj\Debug\RP6Lib\RP6base\RP6RobotBaseLib.o
uart_status         0x1               obj\Debug\RP6Lib\RP6common\RP6uart.o
I2CTWI_writeRegisters
                    0x10              obj\Debug\RP6Lib\RP6common\RP6I2CslaveTWI.o
motion_status       0x1               obj\Debug\main.o
sysStatACS          0x1               obj\Debug\RP6Lib\RP6base\RP6RobotBaseLib.o
ircomm_send         0x1               obj\Debug\RP6Lib\RP6base\RP6RobotBaseLib.o
overcurrent_error_clear
                    0x1               obj\Debug\RP6Lib\RP6base\RP6RobotBaseLib.o
distanceToMove_R    0x2               obj\Debug\RP6Lib\RP6base\RP6RobotBaseLib.o
acs_pulse           0x1               obj\Debug\RP6Lib\RP6base\RP6RobotBaseLib.o
left_i              0x2               obj\Debug\RP6Lib\RP6base\RP6RobotBaseLib.o
IRCOMM_RC5_data     0x2               obj\Debug\RP6Lib\RP6base\RP6RobotBaseLib.o
motor_control       0x1               obj\Debug\RP6Lib\RP6base\RP6RobotBaseLib.o
leds_on             0x1               obj\Debug\RP6Lib\RP6base\RP6RobotBaseLib.o
mleft_power         0x2               obj\Debug\RP6Lib\RP6base\RP6RobotBaseLib.o
state               0x2               obj\Debug\main.o
mleft_speed         0x2               obj\Debug\RP6Lib\RP6base\RP6RobotBaseLib.o
preDecelerate_R     0x2               obj\Debug\RP6Lib\RP6base\RP6RobotBaseLib.o
mright_des_speed_tmp
                    0x2               obj\Debug\RP6Lib\RP6base\RP6RobotBaseLib.o
adc1                0x2               obj\Debug\RP6Lib\RP6base\RP6RobotBaseLib.o
adcLSL              0x2               obj\Debug\RP6Lib\RP6base\RP6RobotBaseLib.o
acs_timer           0x2               obj\Debug\RP6Lib\RP6base\RP6RobotBaseLib.o
preStop_L           0x2               obj\Debug\RP6Lib\RP6base\RP6RobotBaseLib.o
mright_power        0x2               obj\Debug\RP6Lib\RP6base\RP6RobotBaseLib.o
mright_counter      0x2               obj\Debug\RP6Lib\RP6base\RP6RobotBaseLib.o
ircomm_data_tmp     0x2               obj\Debug\RP6Lib\RP6base\RP6RobotBaseLib.o
distanceToMove_L    0x2               obj\Debug\RP6Lib\RP6base\RP6RobotBaseLib.o
stopwatches         0x11              obj\Debug\RP6Lib\RP6base\RP6RobotBaseLib.o
overcurrent_timeout
                    0x1               obj\Debug\RP6Lib\RP6base\RP6RobotBaseLib.o
obstacle_left       0x1               obj\Debug\RP6Lib\RP6base\RP6RobotBaseLib.o
overcurrent_errors  0x1               obj\Debug\RP6Lib\RP6base\RP6RobotBaseLib.o
overcurrent_timer   0x1               obj\Debug\RP6Lib\RP6base\RP6RobotBaseLib.o
statusLEDs          0x1               obj\Debug\main.o
mright_ptmp         0x1               obj\Debug\RP6Lib\RP6base\RP6RobotBaseLib.o
ircomm_data         0x2               obj\Debug\RP6Lib\RP6base\RP6RobotBaseLib.o
adcLSR              0x2               obj\Debug\RP6Lib\RP6base\RP6RobotBaseLib.o
speed_adjust_timer  0x1               obj\Debug\RP6Lib\RP6base\RP6RobotBaseLib.o
obstacle_right      0x1               obj\Debug\RP6Lib\RP6base\RP6RobotBaseLib.o
speed_timer         0x1               obj\Debug\RP6Lib\RP6base\RP6RobotBaseLib.o
right_i             0x2               obj\Debug\RP6Lib\RP6base\RP6RobotBaseLib.o
bumper_timer        0x1               obj\Debug\RP6Lib\RP6base\RP6RobotBaseLib.o
mright_dist         0x2               obj\Debug\RP6Lib\RP6base\RP6RobotBaseLib.o
preDecelerate_L     0x2               obj\Debug\RP6Lib\RP6base\RP6RobotBaseLib.o
mleft_counter       0x2               obj\Debug\RP6Lib\RP6base\RP6RobotBaseLib.o
adc0                0x2               obj\Debug\RP6Lib\RP6base\RP6RobotBaseLib.o
delay_timer         0x1               obj\Debug\RP6Lib\RP6base\RP6RobotBaseLib.o
I2CTWI_readRegisters
                    0x30              obj\Debug\RP6Lib\RP6common\RP6I2CslaveTWI.o
adcMotorCurrentRight
                    0x2               obj\Debug\RP6Lib\RP6base\RP6RobotBaseLib.o
ms_timer            0x1               obj\Debug\RP6Lib\RP6base\RP6RobotBaseLib.o
mright_speed        0x2               obj\Debug\RP6Lib\RP6base\RP6RobotBaseLib.o
mleft_dist          0x2               obj\Debug\RP6Lib\RP6base\RP6RobotBaseLib.o
bumper_right        0x1               obj\Debug\RP6Lib\RP6base\RP6RobotBaseLib.o
acs_event_counter   0x1               obj\Debug\RP6Lib\RP6base\RP6RobotBaseLib.o
motion_status_tmp   0x1               obj\Debug\RP6Lib\RP6base\RP6RobotBaseLib.o
adcBat              0x2               obj\Debug\RP6Lib\RP6base\RP6RobotBaseLib.o
uart_receive_buffer
                    0x21              obj\Debug\RP6Lib\RP6common\RP6uart.o
IRCOMM_RC5_data_ok  0x2               obj\Debug\RP6Lib\RP6base\RP6RobotBaseLib.o
mleft_ptmp          0x1               obj\Debug\RP6Lib\RP6base\RP6RobotBaseLib.o
adcMotorCurrentLeft
                    0x2               obj\Debug\RP6Lib\RP6base\RP6RobotBaseLib.o

Memory Configuration

Name             Origin             Length             Attributes
text             0x00000000         0x00020000         xr
data             0x00800060         0x0000ffa0         rw !x
eeprom           0x00810000         0x00010000         rw !x
fuse             0x00820000         0x00000400         rw !x
lock             0x00830000         0x00000400         rw !x
signature        0x00840000         0x00000400         rw !x
*default*        0x00000000         0xffffffff

Linker script and memory map

LOAD c:/winavr-20100110/bin/../lib/gcc/avr/4.3.3/../../../../avr/lib/avr5/crtm32.o
LOAD obj\Debug\main.o
LOAD obj\Debug\RP6Lib\RP6base\RP6RobotBaseLib.o
LOAD obj\Debug\RP6Lib\RP6common\RP6I2CslaveTWI.o
LOAD obj\Debug\RP6Lib\RP6common\RP6uart.o
LOAD c:/winavr-20100110/bin/../lib/gcc/avr/4.3.3/avr5\libgcc.a
LOAD c:/winavr-20100110/bin/../lib/gcc/avr/4.3.3/../../../../avr/lib/avr5\libm.a
LOAD c:/winavr-20100110/bin/../lib/gcc/avr/4.3.3/avr5\libgcc.a
LOAD c:/winavr-20100110/bin/../lib/gcc/avr/4.3.3/../../../../avr/lib/avr5\libc.a
LOAD c:/winavr-20100110/bin/../lib/gcc/avr/4.3.3/avr5\libgcc.a

.hash
 *(.hash)

.dynsym
 *(.dynsym)

.dynstr
 *(.dynstr)

.gnu.version
 *(.gnu.version)

.gnu.version_d
 *(.gnu.version_d)

.gnu.version_r
 *(.gnu.version_r)

.rel.init
 *(.rel.init)

.rela.init
 *(.rela.init)

.rel.text
 *(.rel.text)
 *(.rel.text.*)
 *(.rel.gnu.linkonce.t*)

.rela.text
 *(.rela.text)
 *(.rela.text.*)
 *(.rela.gnu.linkonce.t*)

.rel.fini
 *(.rel.fini)

.rela.fini
 *(.rela.fini)

.rel.rodata
 *(.rel.rodata)
 *(.rel.rodata.*)
 *(.rel.gnu.linkonce.r*)

.rela.rodata
 *(.rela.rodata)
 *(.rela.rodata.*)
 *(.rela.gnu.linkonce.r*)

.rel.data
 *(.rel.data)
 *(.rel.data.*)
 *(.rel.gnu.linkonce.d*)

.rela.data
 *(.rela.data)
 *(.rela.data.*)
 *(.rela.gnu.linkonce.d*)

.rel.ctors
 *(.rel.ctors)

.rela.ctors
 *(.rela.ctors)

.rel.dtors
 *(.rel.dtors)

.rela.dtors
 *(.rela.dtors)

.rel.got
 *(.rel.got)

.rela.got
 *(.rela.got)

.rel.bss
 *(.rel.bss)

.rela.bss
 *(.rela.bss)

.rel.plt
 *(.rel.plt)

.rela.plt
 *(.rela.plt)

.text           0x00000000     0x3ac0
 *(.vectors)
 .vectors       0x00000000       0x54 c:/winavr-20100110/bin/../lib/gcc/avr/4.3.3/../../../../avr/lib/avr5/crtm32.o
                0x00000000                __vectors
                0x00000000                __vector_default
 *(.vectors)
 *(.progmem.gcc*)
 *(.progmem*)
 .progmem.data  0x00000054      0x1be obj\Debug\RP6Lib\RP6base\RP6RobotBaseLib.o
                0x00000212                . = ALIGN (0x2)
                0x00000212                __trampolines_start = .
 *(.trampolines)
 .trampolines   0x00000212        0x0 linker stubs
 *(.trampolines*)
                0x00000212                __trampolines_end = .
 *(.jumptables)
 *(.jumptables*)
 *(.lowtext)
 *(.lowtext*)
                0x00000212                __ctors_start = .
 *(.ctors)
                0x00000212                __ctors_end = .
                0x00000212                __dtors_start = .
 *(.dtors)
                0x00000212                __dtors_end = .
 SORT(*)(.ctors)
 SORT(*)(.dtors)
 *(.init0)
 .init0         0x00000212        0x0 c:/winavr-20100110/bin/../lib/gcc/avr/4.3.3/../../../../avr/lib/avr5/crtm32.o
                0x00000212                __init
 *(.init0)
 *(.init1)
 *(.init1)
 *(.init2)
 .init2         0x00000212        0xc c:/winavr-20100110/bin/../lib/gcc/avr/4.3.3/../../../../avr/lib/avr5/crtm32.o
 *(.init2)
 *(.init3)
 *(.init3)
 *(.init4)
 .init4         0x0000021e       0x16 c:/winavr-20100110/bin/../lib/gcc/avr/4.3.3/avr5\libgcc.a(_copy_data.o)
                0x0000021e                __do_copy_data
 .init4         0x00000234       0x10 c:/winavr-20100110/bin/../lib/gcc/avr/4.3.3/avr5\libgcc.a(_clear_bss.o)
                0x00000234                __do_clear_bss
 *(.init4)
 *(.init5)
 *(.init5)
 *(.init6)
 *(.init6)
 *(.init7)
 *(.init7)
 *(.init8)
 *(.init8)
 *(.init9)
 .init9         0x00000244        0x8 c:/winavr-20100110/bin/../lib/gcc/avr/4.3.3/../../../../avr/lib/avr5/crtm32.o
 *(.init9)
 *(.text)
 .text          0x0000024c        0x4 c:/winavr-20100110/bin/../lib/gcc/avr/4.3.3/../../../../avr/lib/avr5/crtm32.o
                0x0000024c                __vector_12
                0x0000024c                __bad_interrupt
                0x0000024c                __vector_6
                0x0000024c                __vector_11
                0x0000024c                __vector_17
                0x0000024c                __vector_7
                0x0000024c                __vector_5
                0x0000024c                __vector_9
                0x0000024c                __vector_15
                0x0000024c                __vector_8
                0x0000024c                __vector_14
                0x0000024c                __vector_16
                0x0000024c                __vector_18
                0x0000024c                __vector_20
 .text          0x00000250      0x34a obj\Debug\main.o
                0x00000250                mode_Drive
                0x0000025e                mode_Obstacle
                0x0000040c                driveCMD
                0x0000052e                stateModel
                0x000003b8                bumpersStateChanged
                0x00000570                main
 .text          0x0000059a     0x22f0 obj\Debug\RP6Lib\RP6base\RP6RobotBaseLib.o
                0x0000059a                enablePowerOnWarning
                0x00002664                mSleep
                0x00000a4a                __vector_1
                0x0000162e                setMotorPower
                0x0000077c                getBumperRight
                0x00000ae2                MOTIONCONTROL_stateChanged_DUMMY
                0x0000194a                IRCOMM_RC5dataReady_DUMMY
                0x0000122a                moveAtSpeedDirection
                0x000005b4                disablePowerOnWarning
                0x000006fc                setLEDs
                0x000014de                rotate
                0x00001676                setMotorDir
                0x000026e4                extIntON
                0x0000208c                powerOFF
                0x00002642                sleep
                0x000018c6                __vector_3
                0x000005c8                updateStatusLEDs
                0x000016ee                IRCOMM_sendRC5
                0x000026a6                delayCycles
                0x00001e88                disableACS
                0x000007ec                BUMPERS_setStateChangedHandler
                0x00001fd6                setACSPwrMed
                0x00001962                IRCOMM_setRC5DataReadyHandler
                0x00001994                ACS_setStateChangedHandler
                0x00000866                readADC
                0x00001348                move
                0x0000071a                getBumperLeft
                0x000019b8                task_ACS
                0x0000117c                moveAtSpeed
                0x000011c4                changeDirection
                0x0000201c                setACSPwrHigh
                0x00001f2e                setACSPwrOff
                0x00001f90                setACSPwrLow
                0x00000b14                emergencyShutdown
                0x00000810                task_Bumpers
                0x00002738                task_RP6System
                0x00001986                ACS_stateChanged_DUMMY
                0x0000175e                __vector_4
                0x00001eda                enableACS
                0x00000a96                __vector_2
                0x0000270e                extIntOFF
                0x000008da                startADC
                0x00002062                powerON
                0x00000af0                MOTIONCONTROL_setStateChangedHandler
                0x00000c30                task_motionControl
                0x00002756                initRobotBase
                0x000007de                BUMPERS_stateChanged_DUMMY
                0x000020da                __vector_10
                0x000012f4                stop
                0x000012bc                isMovementComplete
                0x00000900                task_ADC
 .text          0x0000288a      0x200 obj\Debug\RP6Lib\RP6common\RP6I2CslaveTWI.o
                0x000028c2                __vector_19
                0x0000288a                I2CTWI_initSlave
 .text          0x00002a8a      0x3be obj\Debug\RP6Lib\RP6common\RP6uart.o
                0x00002d08                readChar
                0x00002d60                readChars
                0x00002de4                getBufferLength
                0x00002e00                clearReceptionBuffer
                0x00002ab8                writeString
                0x00002bee                writeIntegerLength
                0x00002c78                __vector_13
                0x00002ba4                writeInteger
                0x00002a8a                writeChar
                0x00002b42                writeStringLength
                0x00002af2                writeNStringP
 .text          0x00002e48        0x0 c:/winavr-20100110/bin/../lib/gcc/avr/4.3.3/avr5\libgcc.a(_mulsi3.o)
 .text          0x00002e48        0x0 c:/winavr-20100110/bin/../lib/gcc/avr/4.3.3/avr5\libgcc.a(_udivmodhi4.o)
 .text          0x00002e48        0x0 c:/winavr-20100110/bin/../lib/gcc/avr/4.3.3/avr5\libgcc.a(_udivmodsi4.o)
 .text          0x00002e48        0x0 c:/winavr-20100110/bin/../lib/gcc/avr/4.3.3/avr5\libgcc.a(_exit.o)
 .text          0x00002e48        0x0 c:/winavr-20100110/bin/../lib/gcc/avr/4.3.3/avr5\libgcc.a(_copy_data.o)
 .text          0x00002e48        0x0 c:/winavr-20100110/bin/../lib/gcc/avr/4.3.3/avr5\libgcc.a(_clear_bss.o)
 .text          0x00002e48       0x58 c:/winavr-20100110/bin/../lib/gcc/avr/4.3.3/avr5\libgcc.a(_fixunssfsi.o)
                0x00002e48                __fixunssfsi
 .text          0x00002ea0      0x354 c:/winavr-20100110/bin/../lib/gcc/avr/4.3.3/avr5\libgcc.a(_addsub_sf.o)
                0x00003138                __subsf3
                0x0000319a                __addsf3
 .text          0x000031f4      0x158 c:/winavr-20100110/bin/../lib/gcc/avr/4.3.3/avr5\libgcc.a(_div_sf.o)
                0x000031f4                __divsf3
 .text          0x0000334c       0x60 c:/winavr-20100110/bin/../lib/gcc/avr/4.3.3/avr5\libgcc.a(_ge_sf.o)
                0x0000334c                __gesf2
 .text          0x000033ac       0xa8 c:/winavr-20100110/bin/../lib/gcc/avr/4.3.3/avr5\libgcc.a(_sf_to_si.o)
                0x000033ac                __fixsfsi
 .text          0x00003454        0x0 c:/winavr-20100110/bin/../lib/gcc/avr/4.3.3/avr5\libgcc.a(_thenan_sf.o)
 .text          0x00003454       0xf2 c:/winavr-20100110/bin/../lib/gcc/avr/4.3.3/avr5\libgcc.a(_usi_to_sf.o)
                0x00003454                __floatunsisf
 .text          0x00003546        0x0 c:/winavr-20100110/bin/../lib/gcc/avr/4.3.3/avr5\libgcc.a(_prologue.o)
 .text          0x00003546        0x0 c:/winavr-20100110/bin/../lib/gcc/avr/4.3.3/avr5\libgcc.a(_epilogue.o)
 .text          0x00003546       0x9e c:/winavr-20100110/bin/../lib/gcc/avr/4.3.3/avr5\libgcc.a(_clzsi2.o)
                0x00003546                __clzsi2
 .text          0x000035e4      0x1aa c:/winavr-20100110/bin/../lib/gcc/avr/4.3.3/avr5\libgcc.a(_pack_sf.o)
                0x000035e4                __pack_f
 .text          0x0000378e       0xf0 c:/winavr-20100110/bin/../lib/gcc/avr/4.3.3/avr5\libgcc.a(_unpack_sf.o)
                0x0000378e                __unpack_f
 .text          0x0000387e       0xb2 c:/winavr-20100110/bin/../lib/gcc/avr/4.3.3/avr5\libgcc.a(_fpcmp_parts_sf.o)
                0x0000387e                __fpcmp_parts_f
 .text          0x00003930        0x0 c:/winavr-20100110/bin/../lib/gcc/avr/4.3.3/avr5\libgcc.a(_clz.o)
 .text          0x00003930        0x0 c:/winavr-20100110/bin/../lib/gcc/avr/4.3.3/../../../../avr/lib/avr5\libc.a(strlen.o)
 .text          0x00003930        0x0 c:/winavr-20100110/bin/../lib/gcc/avr/4.3.3/../../../../avr/lib/avr5\libc.a(itoa.o)
 .text          0x00003930        0x0 c:/winavr-20100110/bin/../lib/gcc/avr/4.3.3/../../../../avr/lib/avr5\libc.a(strrev.o)
                0x00003930                . = ALIGN (0x2)
 *(.text.*)
 .text.libgcc   0x00003930       0x3e c:/winavr-20100110/bin/../lib/gcc/avr/4.3.3/avr5\libgcc.a(_mulsi3.o)
                0x00003930                __mulsi3
 .text.libgcc   0x0000396e       0x28 c:/winavr-20100110/bin/../lib/gcc/avr/4.3.3/avr5\libgcc.a(_udivmodhi4.o)
                0x0000396e                __udivmodhi4
 .text.libgcc   0x00003996       0x44 c:/winavr-20100110/bin/../lib/gcc/avr/4.3.3/avr5\libgcc.a(_udivmodsi4.o)
                0x00003996                __udivmodsi4
 .text.libgcc   0x000039da        0x0 c:/winavr-20100110/bin/../lib/gcc/avr/4.3.3/avr5\libgcc.a(_exit.o)
 .text.libgcc   0x000039da        0x0 c:/winavr-20100110/bin/../lib/gcc/avr/4.3.3/avr5\libgcc.a(_copy_data.o)
 .text.libgcc   0x000039da        0x0 c:/winavr-20100110/bin/../lib/gcc/avr/4.3.3/avr5\libgcc.a(_clear_bss.o)
 .text.libgcc   0x000039da       0x38 c:/winavr-20100110/bin/../lib/gcc/avr/4.3.3/avr5\libgcc.a(_prologue.o)
                0x000039da                __prologue_saves__
 .text.libgcc   0x00003a12       0x36 c:/winavr-20100110/bin/../lib/gcc/avr/4.3.3/avr5\libgcc.a(_epilogue.o)
                0x00003a12                __epilogue_restores__
 .text.avr-libc
                0x00003a48       0x12 c:/winavr-20100110/bin/../lib/gcc/avr/4.3.3/../../../../avr/lib/avr5\libc.a(strlen.o)
                0x00003a48                strlen
 .text.avr-libc
                0x00003a5a       0x42 c:/winavr-20100110/bin/../lib/gcc/avr/4.3.3/../../../../avr/lib/avr5\libc.a(itoa.o)
                0x00003a5a                itoa
 .text.avr-libc
                0x00003a9c       0x20 c:/winavr-20100110/bin/../lib/gcc/avr/4.3.3/../../../../avr/lib/avr5\libc.a(strrev.o)
                0x00003a9c                strrev
                0x00003abc                . = ALIGN (0x2)
 *(.fini9)
 .fini9         0x00003abc        0x0 c:/winavr-20100110/bin/../lib/gcc/avr/4.3.3/avr5\libgcc.a(_exit.o)
                0x00003abc                exit
                0x00003abc                _exit
 *(.fini9)
 *(.fini8)
 *(.fini8)
 *(.fini7)
 *(.fini7)
 *(.fini6)
 *(.fini6)
 *(.fini5)
 *(.fini5)
 *(.fini4)
 *(.fini4)
 *(.fini3)
 *(.fini3)
 *(.fini2)
 *(.fini2)
 *(.fini1)
 *(.fini1)
 *(.fini0)
 .fini0         0x00003abc        0x4 c:/winavr-20100110/bin/../lib/gcc/avr/4.3.3/avr5\libgcc.a(_exit.o)
 *(.fini0)
                0x00003ac0                _etext = .

.data           0x00800060      0x118 load address 0x00003ac0
                0x00800060                PROVIDE (__data_start, .)
 *(.data)
 .data          0x00800060        0x0 c:/winavr-20100110/bin/../lib/gcc/avr/4.3.3/../../../../avr/lib/avr5/crtm32.o
 .data          0x00800060        0x6 obj\Debug\main.o
                0x00800060                DRIVE
 .data          0x00800066        0x9 obj\Debug\RP6Lib\RP6base\RP6RobotBaseLib.o
                0x0080006a                acs_state
 .data          0x0080006f        0x0 obj\Debug\RP6Lib\RP6common\RP6I2CslaveTWI.o
 .data          0x0080006f        0x0 obj\Debug\RP6Lib\RP6common\RP6uart.o
 .data          0x0080006f        0x0 c:/winavr-20100110/bin/../lib/gcc/avr/4.3.3/avr5\libgcc.a(_mulsi3.o)
 .data          0x0080006f        0x0 c:/winavr-20100110/bin/../lib/gcc/avr/4.3.3/avr5\libgcc.a(_udivmodhi4.o)
 .data          0x0080006f        0x0 c:/winavr-20100110/bin/../lib/gcc/avr/4.3.3/avr5\libgcc.a(_udivmodsi4.o)
 .data          0x0080006f        0x0 c:/winavr-20100110/bin/../lib/gcc/avr/4.3.3/avr5\libgcc.a(_exit.o)
 .data          0x0080006f        0x0 c:/winavr-20100110/bin/../lib/gcc/avr/4.3.3/avr5\libgcc.a(_copy_data.o)
 .data          0x0080006f        0x0 c:/winavr-20100110/bin/../lib/gcc/avr/4.3.3/avr5\libgcc.a(_clear_bss.o)
 .data          0x0080006f        0x0 c:/winavr-20100110/bin/../lib/gcc/avr/4.3.3/avr5\libgcc.a(_fixunssfsi.o)
 .data          0x0080006f        0x0 c:/winavr-20100110/bin/../lib/gcc/avr/4.3.3/avr5\libgcc.a(_addsub_sf.o)
 .data          0x0080006f        0x0 c:/winavr-20100110/bin/../lib/gcc/avr/4.3.3/avr5\libgcc.a(_div_sf.o)
 .data          0x0080006f        0x0 c:/winavr-20100110/bin/../lib/gcc/avr/4.3.3/avr5\libgcc.a(_ge_sf.o)
 .data          0x0080006f        0x0 c:/winavr-20100110/bin/../lib/gcc/avr/4.3.3/avr5\libgcc.a(_sf_to_si.o)
 .data          0x0080006f        0x8 c:/winavr-20100110/bin/../lib/gcc/avr/4.3.3/avr5\libgcc.a(_thenan_sf.o)
                0x0080006f                __thenan_sf
 .data          0x00800077        0x0 c:/winavr-20100110/bin/../lib/gcc/avr/4.3.3/avr5\libgcc.a(_usi_to_sf.o)
 .data          0x00800077        0x0 c:/winavr-20100110/bin/../lib/gcc/avr/4.3.3/avr5\libgcc.a(_prologue.o)
 .data          0x00800077        0x0 c:/winavr-20100110/bin/../lib/gcc/avr/4.3.3/avr5\libgcc.a(_epilogue.o)
 .data          0x00800077        0x0 c:/winavr-20100110/bin/../lib/gcc/avr/4.3.3/avr5\libgcc.a(_clzsi2.o)
 .data          0x00800077        0x0 c:/winavr-20100110/bin/../lib/gcc/avr/4.3.3/avr5\libgcc.a(_pack_sf.o)
 .data          0x00800077        0x0 c:/winavr-20100110/bin/../lib/gcc/avr/4.3.3/avr5\libgcc.a(_unpack_sf.o)
 .data          0x00800077        0x0 c:/winavr-20100110/bin/../lib/gcc/avr/4.3.3/avr5\libgcc.a(_fpcmp_parts_sf.o)
 .data          0x00800077      0x100 c:/winavr-20100110/bin/../lib/gcc/avr/4.3.3/avr5\libgcc.a(_clz.o)
                0x00800077                __clz_tab
 .data          0x00800177        0x0 c:/winavr-20100110/bin/../lib/gcc/avr/4.3.3/../../../../avr/lib/avr5\libc.a(strlen.o)
 .data          0x00800177        0x0 c:/winavr-20100110/bin/../lib/gcc/avr/4.3.3/../../../../avr/lib/avr5\libc.a(itoa.o)
 .data          0x00800177        0x0 c:/winavr-20100110/bin/../lib/gcc/avr/4.3.3/../../../../avr/lib/avr5\libc.a(strrev.o)
 *(.data*)
 *(.rodata)
 *(.rodata*)
 *(.gnu.linkonce.d*)
                0x00800178                . = ALIGN (0x2)
 *fill*         0x00800177        0x1 00
                0x00800178                _edata = .
                0x00800178                PROVIDE (__data_end, .)

.bss            0x00800178       0xfa
                0x00800178                PROVIDE (__bss_start, .)
 *(.bss)
 .bss           0x00800178        0x0 c:/winavr-20100110/bin/../lib/gcc/avr/4.3.3/../../../../avr/lib/avr5/crtm32.o
 .bss           0x00800178        0xc obj\Debug\main.o
                0x00800178                OBSTACLE
                0x0080017e                STOP
 .bss           0x00800184       0x12 obj\Debug\RP6Lib\RP6base\RP6RobotBaseLib.o
                0x00800184                mleft_des_dir
                0x00800188                drive_dir
                0x00800185                mright_des_dir
                0x00800187                mright_dir
                0x00800186                mleft_dir
 .bss           0x00800196        0x6 obj\Debug\RP6Lib\RP6common\RP6I2CslaveTWI.o
                0x00800198                I2CTWI_readBusy
                0x00800196                I2CTWI_dataWasRead
                0x00800199                I2CTWI_writeBusy
                0x00800197                I2CTWI_dataReadFromReg
 .bss           0x0080019c        0x6 obj\Debug\RP6Lib\RP6common\RP6uart.o
                0x0080019e                read_size
                0x0080019d                write_pos
                0x0080019f                write_size
                0x0080019c                read_pos
 .bss           0x008001a2        0x0 c:/winavr-20100110/bin/../lib/gcc/avr/4.3.3/avr5\libgcc.a(_mulsi3.o)
 .bss           0x008001a2        0x0 c:/winavr-20100110/bin/../lib/gcc/avr/4.3.3/avr5\libgcc.a(_udivmodhi4.o)
 .bss           0x008001a2        0x0 c:/winavr-20100110/bin/../lib/gcc/avr/4.3.3/avr5\libgcc.a(_udivmodsi4.o)
 .bss           0x008001a2        0x0 c:/winavr-20100110/bin/../lib/gcc/avr/4.3.3/avr5\libgcc.a(_exit.o)
 .bss           0x008001a2        0x0 c:/winavr-20100110/bin/../lib/gcc/avr/4.3.3/avr5\libgcc.a(_copy_data.o)
 .bss           0x008001a2        0x0 c:/winavr-20100110/bin/../lib/gcc/avr/4.3.3/avr5\libgcc.a(_clear_bss.o)
 .bss           0x008001a2        0x0 c:/winavr-20100110/bin/../lib/gcc/avr/4.3.3/avr5\libgcc.a(_fixunssfsi.o)
 .bss           0x008001a2        0x0 c:/winavr-20100110/bin/../lib/gcc/avr/4.3.3/avr5\libgcc.a(_addsub_sf.o)
 .bss           0x008001a2        0x0 c:/winavr-20100110/bin/../lib/gcc/avr/4.3.3/avr5\libgcc.a(_div_sf.o)
 .bss           0x008001a2        0x0 c:/winavr-20100110/bin/../lib/gcc/avr/4.3.3/avr5\libgcc.a(_ge_sf.o)
 .bss           0x008001a2        0x0 c:/winavr-20100110/bin/../lib/gcc/avr/4.3.3/avr5\libgcc.a(_sf_to_si.o)
 .bss           0x008001a2        0x0 c:/winavr-20100110/bin/../lib/gcc/avr/4.3.3/avr5\libgcc.a(_thenan_sf.o)
 .bss           0x008001a2        0x0 c:/winavr-20100110/bin/../lib/gcc/avr/4.3.3/avr5\libgcc.a(_usi_to_sf.o)
 .bss           0x008001a2        0x0 c:/winavr-20100110/bin/../lib/gcc/avr/4.3.3/avr5\libgcc.a(_prologue.o)
 .bss           0x008001a2        0x0 c:/winavr-20100110/bin/../lib/gcc/avr/4.3.3/avr5\libgcc.a(_epilogue.o)
 .bss           0x008001a2        0x0 c:/winavr-20100110/bin/../lib/gcc/avr/4.3.3/avr5\libgcc.a(_clzsi2.o)
 .bss           0x008001a2        0x0 c:/winavr-20100110/bin/../lib/gcc/avr/4.3.3/avr5\libgcc.a(_pack_sf.o)
 .bss           0x008001a2        0x0 c:/winavr-20100110/bin/../lib/gcc/avr/4.3.3/avr5\libgcc.a(_unpack_sf.o)
 .bss           0x008001a2        0x0 c:/winavr-20100110/bin/../lib/gcc/avr/4.3.3/avr5\libgcc.a(_fpcmp_parts_sf.o)
 .bss           0x008001a2        0x0 c:/winavr-20100110/bin/../lib/gcc/avr/4.3.3/avr5\libgcc.a(_clz.o)
 .bss           0x008001a2        0x0 c:/winavr-20100110/bin/../lib/gcc/avr/4.3.3/../../../../avr/lib/avr5\libc.a(strlen.o)
 .bss           0x008001a2        0x0 c:/winavr-20100110/bin/../lib/gcc/avr/4.3.3/../../../../avr/lib/avr5\libc.a(itoa.o)
 .bss           0x008001a2        0x0 c:/winavr-20100110/bin/../lib/gcc/avr/4.3.3/../../../../avr/lib/avr5\libc.a(strrev.o)
 *(.bss*)
 *(COMMON)
 COMMON         0x008001a2        0x6 obj\Debug\main.o
                0x008001a2                timer
                0x008001a4                motion_status
                0x008001a5                state
                0x008001a7                statusLEDs
 COMMON         0x008001a8       0x67 obj\Debug\RP6Lib\RP6base\RP6RobotBaseLib.o
                0x008001a8                bumper_left
                0x008001a9                preStop_R
                0x008001ab                mright_des_speed
                0x008001ad                mleft_des_speed
                0x008001af                mleft_des_speed_tmp
                0x008001b1                sysStatACS
                0x008001b2                ircomm_send
                0x008001b3                overcurrent_error_clear
                0x008001b4                distanceToMove_R
                0x008001b6                acs_pulse
                0x008001b7                left_i
                0x008001b9                IRCOMM_RC5_data
                0x008001bb                motor_control
                0x008001bc                leds_on
                0x008001bd                mleft_power
                0x008001bf                mleft_speed
                0x008001c1                preDecelerate_R
                0x008001c3                mright_des_speed_tmp
                0x008001c5                adc1
                0x008001c7                adcLSL
                0x008001c9                acs_timer
                0x008001cb                preStop_L
                0x008001cd                mright_power
                0x008001cf                mright_counter
                0x008001d1                ircomm_data_tmp
                0x008001d3                distanceToMove_L
                0x008001d5                stopwatches
                0x008001e6                overcurrent_timeout
                0x008001e7                obstacle_left
                0x008001e8                overcurrent_errors
                0x008001e9                overcurrent_timer
                0x008001ea                mright_ptmp
                0x008001eb                ircomm_data
                0x008001ed                adcLSR
                0x008001ef                speed_adjust_timer
                0x008001f0                obstacle_right
                0x008001f1                speed_timer
                0x008001f2                right_i
                0x008001f4                bumper_timer
                0x008001f5                mright_dist
                0x008001f7                preDecelerate_L
                0x008001f9                mleft_counter
                0x008001fb                adc0
                0x008001fd                delay_timer
                0x008001fe                adcMotorCurrentRight
                0x00800200                ms_timer
                0x00800201                mright_speed
                0x00800203                mleft_dist
                0x00800205                bumper_right
                0x00800206                acs_event_counter
                0x00800207                motion_status_tmp
                0x00800208                adcBat
                0x0080020a                IRCOMM_RC5_data_ok
                0x0080020c                mleft_ptmp
                0x0080020d                adcMotorCurrentLeft
 COMMON         0x0080020f       0x41 obj\Debug\RP6Lib\RP6common\RP6I2CslaveTWI.o
                0x0080020f                I2CTWI_genCallCMD
                0x00800210                I2CTWI_writeRegisters
                0x00800220                I2CTWI_readRegisters
 COMMON         0x00800250       0x22 obj\Debug\RP6Lib\RP6common\RP6uart.o
                0x00800250                uart_status
                0x00800251                uart_receive_buffer
                0x00800272                PROVIDE (__bss_end, .)
                0x00003ac0                __data_load_start = LOADADDR (.data)
                0x00003bd8                __data_load_end = (__data_load_start + SIZEOF (.data))

.noinit         0x00800272        0x0
                0x00800272                PROVIDE (__noinit_start, .)
 *(.noinit*)
                0x00800272                PROVIDE (__noinit_end, .)
                0x00800272                _end = .
                0x00800272                PROVIDE (__heap_start, .)

.eeprom         0x00810000        0x0
 *(.eeprom*)
                0x00810000                __eeprom_end = .

.fuse
 *(.fuse)
 *(.lfuse)
 *(.hfuse)
 *(.efuse)

.lock
 *(.lock*)

.signature
 *(.signature*)

.stab
 *(.stab)

.stabstr
 *(.stabstr)

.stab.excl
 *(.stab.excl)

.stab.exclstr
 *(.stab.exclstr)

.stab.index
 *(.stab.index)

.stab.indexstr
 *(.stab.indexstr)

.comment
 *(.comment)

.debug
 *(.debug)

.line
 *(.line)

.debug_srcinfo
 *(.debug_srcinfo)

.debug_sfnames
 *(.debug_sfnames)

.debug_aranges  0x00000000      0x1c0
 *(.debug_aranges)
 .debug_aranges
                0x00000000       0x20 obj\Debug\main.o
 .debug_aranges
                0x00000020       0x20 obj\Debug\RP6Lib\RP6base\RP6RobotBaseLib.o
 .debug_aranges
                0x00000040       0x20 obj\Debug\RP6Lib\RP6common\RP6I2CslaveTWI.o
 .debug_aranges
                0x00000060       0x20 obj\Debug\RP6Lib\RP6common\RP6uart.o
 .debug_aranges
                0x00000080       0x20 c:/winavr-20100110/bin/../lib/gcc/avr/4.3.3/avr5\libgcc.a(_fixunssfsi.o)
 .debug_aranges
                0x000000a0       0x20 c:/winavr-20100110/bin/../lib/gcc/avr/4.3.3/avr5\libgcc.a(_addsub_sf.o)
 .debug_aranges
                0x000000c0       0x20 c:/winavr-20100110/bin/../lib/gcc/avr/4.3.3/avr5\libgcc.a(_div_sf.o)
 .debug_aranges
                0x000000e0       0x20 c:/winavr-20100110/bin/../lib/gcc/avr/4.3.3/avr5\libgcc.a(_ge_sf.o)
 .debug_aranges
                0x00000100       0x20 c:/winavr-20100110/bin/../lib/gcc/avr/4.3.3/avr5\libgcc.a(_sf_to_si.o)
 .debug_aranges
                0x00000120       0x20 c:/winavr-20100110/bin/../lib/gcc/avr/4.3.3/avr5\libgcc.a(_usi_to_sf.o)
 .debug_aranges
                0x00000140       0x20 c:/winavr-20100110/bin/../lib/gcc/avr/4.3.3/avr5\libgcc.a(_clzsi2.o)
 .debug_aranges
                0x00000160       0x20 c:/winavr-20100110/bin/../lib/gcc/avr/4.3.3/avr5\libgcc.a(_pack_sf.o)
 .debug_aranges
                0x00000180       0x20 c:/winavr-20100110/bin/../lib/gcc/avr/4.3.3/avr5\libgcc.a(_unpack_sf.o)
 .debug_aranges
                0x000001a0       0x20 c:/winavr-20100110/bin/../lib/gcc/avr/4.3.3/avr5\libgcc.a(_fpcmp_parts_sf.o)

.debug_pubnames
                0x00000000      0xc98
 *(.debug_pubnames)
 .debug_pubnames
                0x00000000       0xc5 obj\Debug\main.o
 .debug_pubnames
                0x000000c5      0x829 obj\Debug\RP6Lib\RP6base\RP6RobotBaseLib.o
 .debug_pubnames
                0x000008ee       0xdb obj\Debug\RP6Lib\RP6common\RP6I2CslaveTWI.o
 .debug_pubnames
                0x000009c9      0x138 obj\Debug\RP6Lib\RP6common\RP6uart.o
 .debug_pubnames
                0x00000b01       0x23 c:/winavr-20100110/bin/../lib/gcc/avr/4.3.3/avr5\libgcc.a(_fixunssfsi.o)
 .debug_pubnames
                0x00000b24       0x2c c:/winavr-20100110/bin/../lib/gcc/avr/4.3.3/avr5\libgcc.a(_addsub_sf.o)
 .debug_pubnames
                0x00000b50       0x1f c:/winavr-20100110/bin/../lib/gcc/avr/4.3.3/avr5\libgcc.a(_div_sf.o)
 .debug_pubnames
                0x00000b6f       0x1e c:/winavr-20100110/bin/../lib/gcc/avr/4.3.3/avr5\libgcc.a(_ge_sf.o)
 .debug_pubnames
                0x00000b8d       0x20 c:/winavr-20100110/bin/../lib/gcc/avr/4.3.3/avr5\libgcc.a(_sf_to_si.o)
 .debug_pubnames
                0x00000bad       0x22 c:/winavr-20100110/bin/../lib/gcc/avr/4.3.3/avr5\libgcc.a(_thenan_sf.o)
 .debug_pubnames
                0x00000bcf       0x24 c:/winavr-20100110/bin/../lib/gcc/avr/4.3.3/avr5\libgcc.a(_usi_to_sf.o)
 .debug_pubnames
                0x00000bf3       0x1f c:/winavr-20100110/bin/../lib/gcc/avr/4.3.3/avr5\libgcc.a(_clzsi2.o)
 .debug_pubnames
                0x00000c12       0x1f c:/winavr-20100110/bin/../lib/gcc/avr/4.3.3/avr5\libgcc.a(_pack_sf.o)
 .debug_pubnames
                0x00000c31       0x21 c:/winavr-20100110/bin/../lib/gcc/avr/4.3.3/avr5\libgcc.a(_unpack_sf.o)
 .debug_pubnames
                0x00000c52       0x26 c:/winavr-20100110/bin/../lib/gcc/avr/4.3.3/avr5\libgcc.a(_fpcmp_parts_sf.o)
 .debug_pubnames
                0x00000c78       0x20 c:/winavr-20100110/bin/../lib/gcc/avr/4.3.3/avr5\libgcc.a(_clz.o)

.debug_info     0x00000000     0x3690
 *(.debug_info)
 .debug_info    0x00000000      0x3c0 obj\Debug\main.o
 .debug_info    0x000003c0     0x1336 obj\Debug\RP6Lib\RP6base\RP6RobotBaseLib.o
 .debug_info    0x000016f6      0x176 obj\Debug\RP6Lib\RP6common\RP6I2CslaveTWI.o
 .debug_info    0x0000186c      0x39c obj\Debug\RP6Lib\RP6common\RP6uart.o
 .debug_info    0x00001c08       0xb1 c:/winavr-20100110/bin/../lib/gcc/avr/4.3.3/avr5\libgcc.a(_fixunssfsi.o)
 .debug_info    0x00001cb9      0x47a c:/winavr-20100110/bin/../lib/gcc/avr/4.3.3/avr5\libgcc.a(_addsub_sf.o)
 .debug_info    0x00002133      0x3fc c:/winavr-20100110/bin/../lib/gcc/avr/4.3.3/avr5\libgcc.a(_div_sf.o)
 .debug_info    0x0000252f      0x27f c:/winavr-20100110/bin/../lib/gcc/avr/4.3.3/avr5\libgcc.a(_ge_sf.o)
 .debug_info    0x000027ae      0x2b0 c:/winavr-20100110/bin/../lib/gcc/avr/4.3.3/avr5\libgcc.a(_sf_to_si.o)
 .debug_info    0x00002a5e      0x12c c:/winavr-20100110/bin/../lib/gcc/avr/4.3.3/avr5\libgcc.a(_thenan_sf.o)
 .debug_info    0x00002b8a      0x206 c:/winavr-20100110/bin/../lib/gcc/avr/4.3.3/avr5\libgcc.a(_usi_to_sf.o)
 .debug_info    0x00002d90      0x117 c:/winavr-20100110/bin/../lib/gcc/avr/4.3.3/avr5\libgcc.a(_clzsi2.o)
 .debug_info    0x00002ea7      0x2df c:/winavr-20100110/bin/../lib/gcc/avr/4.3.3/avr5\libgcc.a(_pack_sf.o)
 .debug_info    0x00003186      0x251 c:/winavr-20100110/bin/../lib/gcc/avr/4.3.3/avr5\libgcc.a(_unpack_sf.o)
 .debug_info    0x000033d7      0x210 c:/winavr-20100110/bin/../lib/gcc/avr/4.3.3/avr5\libgcc.a(_fpcmp_parts_sf.o)
 .debug_info    0x000035e7       0xa9 c:/winavr-20100110/bin/../lib/gcc/avr/4.3.3/avr5\libgcc.a(_clz.o)
 *(.gnu.linkonce.wi.*)

.debug_abbrev   0x00000000     0x1493
 *(.debug_abbrev)
 .debug_abbrev  0x00000000      0x154 obj\Debug\main.o
 .debug_abbrev  0x00000154      0x279 obj\Debug\RP6Lib\RP6base\RP6RobotBaseLib.o
 .debug_abbrev  0x000003cd       0x9f obj\Debug\RP6Lib\RP6common\RP6I2CslaveTWI.o
 .debug_abbrev  0x0000046c      0x170 obj\Debug\RP6Lib\RP6common\RP6uart.o
 .debug_abbrev  0x000005dc       0x5d c:/winavr-20100110/bin/../lib/gcc/avr/4.3.3/avr5\libgcc.a(_fixunssfsi.o)
 .debug_abbrev  0x00000639      0x1ea c:/winavr-20100110/bin/../lib/gcc/avr/4.3.3/avr5\libgcc.a(_addsub_sf.o)
 .debug_abbrev  0x00000823      0x216 c:/winavr-20100110/bin/../lib/gcc/avr/4.3.3/avr5\libgcc.a(_div_sf.o)
 .debug_abbrev  0x00000a39      0x15a c:/winavr-20100110/bin/../lib/gcc/avr/4.3.3/avr5\libgcc.a(_ge_sf.o)
 .debug_abbrev  0x00000b93      0x17f c:/winavr-20100110/bin/../lib/gcc/avr/4.3.3/avr5\libgcc.a(_sf_to_si.o)
 .debug_abbrev  0x00000d12       0xad c:/winavr-20100110/bin/../lib/gcc/avr/4.3.3/avr5\libgcc.a(_thenan_sf.o)
 .debug_abbrev  0x00000dbf      0x157 c:/winavr-20100110/bin/../lib/gcc/avr/4.3.3/avr5\libgcc.a(_usi_to_sf.o)
 .debug_abbrev  0x00000f16       0xc4 c:/winavr-20100110/bin/../lib/gcc/avr/4.3.3/avr5\libgcc.a(_clzsi2.o)
 .debug_abbrev  0x00000fda      0x1c0 c:/winavr-20100110/bin/../lib/gcc/avr/4.3.3/avr5\libgcc.a(_pack_sf.o)
 .debug_abbrev  0x0000119a      0x154 c:/winavr-20100110/bin/../lib/gcc/avr/4.3.3/avr5\libgcc.a(_unpack_sf.o)
 .debug_abbrev  0x000012ee      0x13b c:/winavr-20100110/bin/../lib/gcc/avr/4.3.3/avr5\libgcc.a(_fpcmp_parts_sf.o)
 .debug_abbrev  0x00001429       0x6a c:/winavr-20100110/bin/../lib/gcc/avr/4.3.3/avr5\libgcc.a(_clz.o)

.debug_line     0x00000000     0x2b2e
 *(.debug_line)
 .debug_line    0x00000000      0x2cd obj\Debug\main.o
 .debug_line    0x000002cd     0x15d1 obj\Debug\RP6Lib\RP6base\RP6RobotBaseLib.o
 .debug_line    0x0000189e      0x1d4 obj\Debug\RP6Lib\RP6common\RP6I2CslaveTWI.o
 .debug_line    0x00001a72      0x2c5 obj\Debug\RP6Lib\RP6common\RP6uart.o
 .debug_line    0x00001d37       0xa7 c:/winavr-20100110/bin/../lib/gcc/avr/4.3.3/avr5\libgcc.a(_fixunssfsi.o)
 .debug_line    0x00001dde      0x2af c:/winavr-20100110/bin/../lib/gcc/avr/4.3.3/avr5\libgcc.a(_addsub_sf.o)
 .debug_line    0x0000208d      0x1d5 c:/winavr-20100110/bin/../lib/gcc/avr/4.3.3/avr5\libgcc.a(_div_sf.o)
 .debug_line    0x00002262       0xd3 c:/winavr-20100110/bin/../lib/gcc/avr/4.3.3/avr5\libgcc.a(_ge_sf.o)
 .debug_line    0x00002335      0x109 c:/winavr-20100110/bin/../lib/gcc/avr/4.3.3/avr5\libgcc.a(_sf_to_si.o)
 .debug_line    0x0000243e       0x90 c:/winavr-20100110/bin/../lib/gcc/avr/4.3.3/avr5\libgcc.a(_thenan_sf.o)
 .debug_line    0x000024ce      0x133 c:/winavr-20100110/bin/../lib/gcc/avr/4.3.3/avr5\libgcc.a(_usi_to_sf.o)
 .debug_line    0x00002601       0xa5 c:/winavr-20100110/bin/../lib/gcc/avr/4.3.3/avr5\libgcc.a(_clzsi2.o)
 .debug_line    0x000026a6      0x18a c:/winavr-20100110/bin/../lib/gcc/avr/4.3.3/avr5\libgcc.a(_pack_sf.o)
 .debug_line    0x00002830      0x14b c:/winavr-20100110/bin/../lib/gcc/avr/4.3.3/avr5\libgcc.a(_unpack_sf.o)
 .debug_line    0x0000297b      0x137 c:/winavr-20100110/bin/../lib/gcc/avr/4.3.3/avr5\libgcc.a(_fpcmp_parts_sf.o)
 .debug_line    0x00002ab2       0x7c c:/winavr-20100110/bin/../lib/gcc/avr/4.3.3/avr5\libgcc.a(_clz.o)

.debug_frame    0x00000000      0x600
 *(.debug_frame)
 .debug_frame   0x00000000       0x70 obj\Debug\main.o
 .debug_frame   0x00000070      0x340 obj\Debug\RP6Lib\RP6base\RP6RobotBaseLib.o
 .debug_frame   0x000003b0       0x30 obj\Debug\RP6Lib\RP6common\RP6I2CslaveTWI.o
 .debug_frame   0x000003e0       0xc0 obj\Debug\RP6Lib\RP6common\RP6uart.o
 .debug_frame   0x000004a0       0x20 c:/winavr-20100110/bin/../lib/gcc/avr/4.3.3/avr5\libgcc.a(_fixunssfsi.o)
 .debug_frame   0x000004c0       0x40 c:/winavr-20100110/bin/../lib/gcc/avr/4.3.3/avr5\libgcc.a(_addsub_sf.o)
 .debug_frame   0x00000500       0x20 c:/winavr-20100110/bin/../lib/gcc/avr/4.3.3/avr5\libgcc.a(_div_sf.o)
 .debug_frame   0x00000520       0x20 c:/winavr-20100110/bin/../lib/gcc/avr/4.3.3/avr5\libgcc.a(_ge_sf.o)
 .debug_frame   0x00000540       0x20 c:/winavr-20100110/bin/../lib/gcc/avr/4.3.3/avr5\libgcc.a(_sf_to_si.o)
 .debug_frame   0x00000560       0x20 c:/winavr-20100110/bin/../lib/gcc/avr/4.3.3/avr5\libgcc.a(_usi_to_sf.o)
 .debug_frame   0x00000580       0x20 c:/winavr-20100110/bin/../lib/gcc/avr/4.3.3/avr5\libgcc.a(_clzsi2.o)
 .debug_frame   0x000005a0       0x20 c:/winavr-20100110/bin/../lib/gcc/avr/4.3.3/avr5\libgcc.a(_pack_sf.o)
 .debug_frame   0x000005c0       0x20 c:/winavr-20100110/bin/../lib/gcc/avr/4.3.3/avr5\libgcc.a(_unpack_sf.o)
 .debug_frame   0x000005e0       0x20 c:/winavr-20100110/bin/../lib/gcc/avr/4.3.3/avr5\libgcc.a(_fpcmp_parts_sf.o)

.debug_str      0x00000000      0xf82
 *(.debug_str)
 .debug_str     0x00000000      0x247 obj\Debug\main.o
                                0x29e (size before relaxing)
 .debug_str     0x00000247      0x892 obj\Debug\RP6Lib\RP6base\RP6RobotBaseLib.o
                                0xa9a (size before relaxing)
 .debug_str     0x00000ad9       0xea obj\Debug\RP6Lib\RP6common\RP6I2CslaveTWI.o
                                0x1e3 (size before relaxing)
 .debug_str     0x00000bc3      0x145 obj\Debug\RP6Lib\RP6common\RP6uart.o
                                0x269 (size before relaxing)
 .debug_str     0x00000d08       0x80 c:/winavr-20100110/bin/../lib/gcc/avr/4.3.3/avr5\libgcc.a(_fixunssfsi.o)
                                 0xfe (size before relaxing)
 .debug_str     0x00000d88      0x147 c:/winavr-20100110/bin/../lib/gcc/avr/4.3.3/avr5\libgcc.a(_addsub_sf.o)
                                0x206 (size before relaxing)
 .debug_str     0x00000ecf       0x35 c:/winavr-20100110/bin/../lib/gcc/avr/4.3.3/avr5\libgcc.a(_div_sf.o)
                                0x1c8 (size before relaxing)
 .debug_str     0x00000f04        0x8 c:/winavr-20100110/bin/../lib/gcc/avr/4.3.3/avr5\libgcc.a(_ge_sf.o)
                                0x195 (size before relaxing)
 .debug_str     0x00000f0c        0xa c:/winavr-20100110/bin/../lib/gcc/avr/4.3.3/avr5\libgcc.a(_sf_to_si.o)
                                0x19e (size before relaxing)
 .debug_str     0x00000000      0x103 c:/winavr-20100110/bin/../lib/gcc/avr/4.3.3/avr5\libgcc.a(_thenan_sf.o)
 .debug_str     0x00000f16       0x21 c:/winavr-20100110/bin/../lib/gcc/avr/4.3.3/avr5\libgcc.a(_usi_to_sf.o)
                                0x177 (size before relaxing)
 .debug_str     0x00000f37       0x20 c:/winavr-20100110/bin/../lib/gcc/avr/4.3.3/avr5\libgcc.a(_clzsi2.o)
                                0x111 (size before relaxing)
 .debug_str     0x00000f57       0x10 c:/winavr-20100110/bin/../lib/gcc/avr/4.3.3/avr5\libgcc.a(_pack_sf.o)
                                0x19d (size before relaxing)
 .debug_str     0x00000f67        0xb c:/winavr-20100110/bin/../lib/gcc/avr/4.3.3/avr5\libgcc.a(_unpack_sf.o)
                                0x17f (size before relaxing)
 .debug_str     0x00000f72       0x10 c:/winavr-20100110/bin/../lib/gcc/avr/4.3.3/avr5\libgcc.a(_fpcmp_parts_sf.o)
                                0x163 (size before relaxing)
 .debug_str     0x00000000       0xf4 c:/winavr-20100110/bin/../lib/gcc/avr/4.3.3/avr5\libgcc.a(_clz.o)

.debug_loc      0x00000000      0x7f2
 *(.debug_loc)
 .debug_loc     0x00000000       0x34 c:/winavr-20100110/bin/../lib/gcc/avr/4.3.3/avr5\libgcc.a(_fixunssfsi.o)
 .debug_loc     0x00000034      0x32a c:/winavr-20100110/bin/../lib/gcc/avr/4.3.3/avr5\libgcc.a(_addsub_sf.o)
 .debug_loc     0x0000035e       0xc0 c:/winavr-20100110/bin/../lib/gcc/avr/4.3.3/avr5\libgcc.a(_div_sf.o)
 .debug_loc     0x0000041e       0x3c c:/winavr-20100110/bin/../lib/gcc/avr/4.3.3/avr5\libgcc.a(_ge_sf.o)
 .debug_loc     0x0000045a       0x7e c:/winavr-20100110/bin/../lib/gcc/avr/4.3.3/avr5\libgcc.a(_sf_to_si.o)
 .debug_loc     0x000004d8       0x4c c:/winavr-20100110/bin/../lib/gcc/avr/4.3.3/avr5\libgcc.a(_usi_to_sf.o)
 .debug_loc     0x00000524       0x94 c:/winavr-20100110/bin/../lib/gcc/avr/4.3.3/avr5\libgcc.a(_clzsi2.o)
 .debug_loc     0x000005b8      0x13e c:/winavr-20100110/bin/../lib/gcc/avr/4.3.3/avr5\libgcc.a(_pack_sf.o)
 .debug_loc     0x000006f6       0xac c:/winavr-20100110/bin/../lib/gcc/avr/4.3.3/avr5\libgcc.a(_unpack_sf.o)
 .debug_loc     0x000007a2       0x50 c:/winavr-20100110/bin/../lib/gcc/avr/4.3.3/avr5\libgcc.a(_fpcmp_parts_sf.o)

.debug_macinfo
 *(.debug_macinfo)
OUTPUT(bin\Debug\RP6.elf elf32-avr)
LOAD linker stubs

Cross Reference Table

Symbol                                            File
ACS_setStateChangedHandler                        obj\Debug\RP6Lib\RP6base\RP6RobotBaseLib.o
ACS_stateChanged_DUMMY                            obj\Debug\RP6Lib\RP6base\RP6RobotBaseLib.o
BUMPERS_setStateChangedHandler                    obj\Debug\RP6Lib\RP6base\RP6RobotBaseLib.o
                                                  obj\Debug\main.o
BUMPERS_stateChanged_DUMMY                        obj\Debug\RP6Lib\RP6base\RP6RobotBaseLib.o
DRIVE                                             obj\Debug\main.o
I2CTWI_dataReadFromReg                            obj\Debug\RP6Lib\RP6common\RP6I2CslaveTWI.o
I2CTWI_dataWasRead                                obj\Debug\RP6Lib\RP6common\RP6I2CslaveTWI.o
I2CTWI_genCallCMD                                 obj\Debug\RP6Lib\RP6common\RP6I2CslaveTWI.o
I2CTWI_initSlave                                  obj\Debug\RP6Lib\RP6common\RP6I2CslaveTWI.o
I2CTWI_readBusy                                   obj\Debug\RP6Lib\RP6common\RP6I2CslaveTWI.o
I2CTWI_readRegisters                              obj\Debug\RP6Lib\RP6common\RP6I2CslaveTWI.o
I2CTWI_writeBusy                                  obj\Debug\RP6Lib\RP6common\RP6I2CslaveTWI.o
I2CTWI_writeRegisters                             obj\Debug\RP6Lib\RP6common\RP6I2CslaveTWI.o
IRCOMM_RC5_data                                   obj\Debug\RP6Lib\RP6base\RP6RobotBaseLib.o
IRCOMM_RC5_data_ok                                obj\Debug\RP6Lib\RP6base\RP6RobotBaseLib.o
IRCOMM_RC5dataReady_DUMMY                         obj\Debug\RP6Lib\RP6base\RP6RobotBaseLib.o
IRCOMM_sendRC5                                    obj\Debug\RP6Lib\RP6base\RP6RobotBaseLib.o
IRCOMM_setRC5DataReadyHandler                     obj\Debug\RP6Lib\RP6base\RP6RobotBaseLib.o
MOTIONCONTROL_setStateChangedHandler              obj\Debug\RP6Lib\RP6base\RP6RobotBaseLib.o
MOTIONCONTROL_stateChanged_DUMMY                  obj\Debug\RP6Lib\RP6base\RP6RobotBaseLib.o
OBSTACLE                                          obj\Debug\main.o
STOP                                              obj\Debug\main.o
__addsf3                                          c:/winavr-20100110/bin/../lib/gcc/avr/4.3.3/avr5\libgcc.a(_addsub_sf.o)
__bad_interrupt                                   c:/winavr-20100110/bin/../lib/gcc/avr/4.3.3/../../../../avr/lib/avr5/crtm32.o
__bss_end                                         c:/winavr-20100110/bin/../lib/gcc/avr/4.3.3/avr5\libgcc.a(_clear_bss.o)
__bss_start                                       c:/winavr-20100110/bin/../lib/gcc/avr/4.3.3/avr5\libgcc.a(_clear_bss.o)
__clz_tab                                         c:/winavr-20100110/bin/../lib/gcc/avr/4.3.3/avr5\libgcc.a(_clz.o)
                                                  c:/winavr-20100110/bin/../lib/gcc/avr/4.3.3/avr5\libgcc.a(_clzsi2.o)
__clzsi2                                          c:/winavr-20100110/bin/../lib/gcc/avr/4.3.3/avr5\libgcc.a(_clzsi2.o)
                                                  c:/winavr-20100110/bin/../lib/gcc/avr/4.3.3/avr5\libgcc.a(_usi_to_sf.o)
__data_end                                        c:/winavr-20100110/bin/../lib/gcc/avr/4.3.3/avr5\libgcc.a(_copy_data.o)
__data_load_start                                 c:/winavr-20100110/bin/../lib/gcc/avr/4.3.3/avr5\libgcc.a(_copy_data.o)
__data_start                                      c:/winavr-20100110/bin/../lib/gcc/avr/4.3.3/avr5\libgcc.a(_copy_data.o)
__divsf3                                          c:/winavr-20100110/bin/../lib/gcc/avr/4.3.3/avr5\libgcc.a(_div_sf.o)
                                                  obj\Debug\main.o
__do_clear_bss                                    c:/winavr-20100110/bin/../lib/gcc/avr/4.3.3/avr5\libgcc.a(_clear_bss.o)
                                                  obj\Debug\RP6Lib\RP6common\RP6uart.o
                                                  obj\Debug\RP6Lib\RP6common\RP6I2CslaveTWI.o
                                                  obj\Debug\RP6Lib\RP6base\RP6RobotBaseLib.o
                                                  obj\Debug\main.o
__do_copy_data                                    c:/winavr-20100110/bin/../lib/gcc/avr/4.3.3/avr5\libgcc.a(_copy_data.o)
                                                  c:/winavr-20100110/bin/../lib/gcc/avr/4.3.3/avr5\libgcc.a(_clz.o)
                                                  c:/winavr-20100110/bin/../lib/gcc/avr/4.3.3/avr5\libgcc.a(_thenan_sf.o)
                                                  obj\Debug\RP6Lib\RP6base\RP6RobotBaseLib.o
                                                  obj\Debug\main.o
__epilogue_restores__                             c:/winavr-20100110/bin/../lib/gcc/avr/4.3.3/avr5\libgcc.a(_epilogue.o)
                                                  c:/winavr-20100110/bin/../lib/gcc/avr/4.3.3/avr5\libgcc.a(_usi_to_sf.o)
                                                  c:/winavr-20100110/bin/../lib/gcc/avr/4.3.3/avr5\libgcc.a(_sf_to_si.o)
                                                  c:/winavr-20100110/bin/../lib/gcc/avr/4.3.3/avr5\libgcc.a(_ge_sf.o)
                                                  c:/winavr-20100110/bin/../lib/gcc/avr/4.3.3/avr5\libgcc.a(_div_sf.o)
                                                  c:/winavr-20100110/bin/../lib/gcc/avr/4.3.3/avr5\libgcc.a(_addsub_sf.o)
__fixsfsi                                         c:/winavr-20100110/bin/../lib/gcc/avr/4.3.3/avr5\libgcc.a(_sf_to_si.o)
                                                  c:/winavr-20100110/bin/../lib/gcc/avr/4.3.3/avr5\libgcc.a(_fixunssfsi.o)
__fixunssfsi                                      c:/winavr-20100110/bin/../lib/gcc/avr/4.3.3/avr5\libgcc.a(_fixunssfsi.o)
                                                  obj\Debug\main.o
__floatunsisf                                     c:/winavr-20100110/bin/../lib/gcc/avr/4.3.3/avr5\libgcc.a(_usi_to_sf.o)
                                                  obj\Debug\main.o
__fpcmp_parts_f                                   c:/winavr-20100110/bin/../lib/gcc/avr/4.3.3/avr5\libgcc.a(_fpcmp_parts_sf.o)
                                                  c:/winavr-20100110/bin/../lib/gcc/avr/4.3.3/avr5\libgcc.a(_ge_sf.o)
__gesf2                                           c:/winavr-20100110/bin/../lib/gcc/avr/4.3.3/avr5\libgcc.a(_ge_sf.o)
                                                  c:/winavr-20100110/bin/../lib/gcc/avr/4.3.3/avr5\libgcc.a(_fixunssfsi.o)
__heap_end                                        c:/winavr-20100110/bin/../lib/gcc/avr/4.3.3/../../../../avr/lib/avr5/crtm32.o
__init                                            c:/winavr-20100110/bin/../lib/gcc/avr/4.3.3/../../../../avr/lib/avr5/crtm32.o
__mulsi3                                          c:/winavr-20100110/bin/../lib/gcc/avr/4.3.3/avr5\libgcc.a(_mulsi3.o)
                                                  obj\Debug\RP6Lib\RP6base\RP6RobotBaseLib.o
__pack_f                                          c:/winavr-20100110/bin/../lib/gcc/avr/4.3.3/avr5\libgcc.a(_pack_sf.o)
                                                  c:/winavr-20100110/bin/../lib/gcc/avr/4.3.3/avr5\libgcc.a(_usi_to_sf.o)
                                                  c:/winavr-20100110/bin/../lib/gcc/avr/4.3.3/avr5\libgcc.a(_div_sf.o)
                                                  c:/winavr-20100110/bin/../lib/gcc/avr/4.3.3/avr5\libgcc.a(_addsub_sf.o)
__prologue_saves__                                c:/winavr-20100110/bin/../lib/gcc/avr/4.3.3/avr5\libgcc.a(_prologue.o)
                                                  c:/winavr-20100110/bin/../lib/gcc/avr/4.3.3/avr5\libgcc.a(_usi_to_sf.o)
                                                  c:/winavr-20100110/bin/../lib/gcc/avr/4.3.3/avr5\libgcc.a(_sf_to_si.o)
                                                  c:/winavr-20100110/bin/../lib/gcc/avr/4.3.3/avr5\libgcc.a(_ge_sf.o)
                                                  c:/winavr-20100110/bin/../lib/gcc/avr/4.3.3/avr5\libgcc.a(_div_sf.o)
                                                  c:/winavr-20100110/bin/../lib/gcc/avr/4.3.3/avr5\libgcc.a(_addsub_sf.o)
__stack                                           c:/winavr-20100110/bin/../lib/gcc/avr/4.3.3/../../../../avr/lib/avr5/crtm32.o
__subsf3                                          c:/winavr-20100110/bin/../lib/gcc/avr/4.3.3/avr5\libgcc.a(_addsub_sf.o)
                                                  c:/winavr-20100110/bin/../lib/gcc/avr/4.3.3/avr5\libgcc.a(_fixunssfsi.o)
__thenan_sf                                       c:/winavr-20100110/bin/../lib/gcc/avr/4.3.3/avr5\libgcc.a(_thenan_sf.o)
                                                  c:/winavr-20100110/bin/../lib/gcc/avr/4.3.3/avr5\libgcc.a(_div_sf.o)
                                                  c:/winavr-20100110/bin/../lib/gcc/avr/4.3.3/avr5\libgcc.a(_addsub_sf.o)
__udivmodhi4                                      c:/winavr-20100110/bin/../lib/gcc/avr/4.3.3/avr5\libgcc.a(_udivmodhi4.o)
                                                  c:/winavr-20100110/bin/../lib/gcc/avr/4.3.3/../../../../avr/lib/avr5\libc.a(itoa.o)
                                                  obj\Debug\RP6Lib\RP6base\RP6RobotBaseLib.o
__udivmodsi4                                      c:/winavr-20100110/bin/../lib/gcc/avr/4.3.3/avr5\libgcc.a(_udivmodsi4.o)
                                                  obj\Debug\RP6Lib\RP6base\RP6RobotBaseLib.o
__unpack_f                                        c:/winavr-20100110/bin/../lib/gcc/avr/4.3.3/avr5\libgcc.a(_unpack_sf.o)
                                                  c:/winavr-20100110/bin/../lib/gcc/avr/4.3.3/avr5\libgcc.a(_sf_to_si.o)
                                                  c:/winavr-20100110/bin/../lib/gcc/avr/4.3.3/avr5\libgcc.a(_ge_sf.o)
                                                  c:/winavr-20100110/bin/../lib/gcc/avr/4.3.3/avr5\libgcc.a(_div_sf.o)
                                                  c:/winavr-20100110/bin/../lib/gcc/avr/4.3.3/avr5\libgcc.a(_addsub_sf.o)
__vector_1                                        obj\Debug\RP6Lib\RP6base\RP6RobotBaseLib.o
                                                  c:/winavr-20100110/bin/../lib/gcc/avr/4.3.3/../../../../avr/lib/avr5/crtm32.o
__vector_10                                       obj\Debug\RP6Lib\RP6base\RP6RobotBaseLib.o
                                                  c:/winavr-20100110/bin/../lib/gcc/avr/4.3.3/../../../../avr/lib/avr5/crtm32.o
__vector_11                                       c:/winavr-20100110/bin/../lib/gcc/avr/4.3.3/../../../../avr/lib/avr5/crtm32.o
__vector_12                                       c:/winavr-20100110/bin/../lib/gcc/avr/4.3.3/../../../../avr/lib/avr5/crtm32.o
__vector_13                                       obj\Debug\RP6Lib\RP6common\RP6uart.o
                                                  c:/winavr-20100110/bin/../lib/gcc/avr/4.3.3/../../../../avr/lib/avr5/crtm32.o
__vector_14                                       c:/winavr-20100110/bin/../lib/gcc/avr/4.3.3/../../../../avr/lib/avr5/crtm32.o
__vector_15                                       c:/winavr-20100110/bin/../lib/gcc/avr/4.3.3/../../../../avr/lib/avr5/crtm32.o
__vector_16                                       c:/winavr-20100110/bin/../lib/gcc/avr/4.3.3/../../../../avr/lib/avr5/crtm32.o
__vector_17                                       c:/winavr-20100110/bin/../lib/gcc/avr/4.3.3/../../../../avr/lib/avr5/crtm32.o
__vector_18                                       c:/winavr-20100110/bin/../lib/gcc/avr/4.3.3/../../../../avr/lib/avr5/crtm32.o
__vector_19                                       obj\Debug\RP6Lib\RP6common\RP6I2CslaveTWI.o
                                                  c:/winavr-20100110/bin/../lib/gcc/avr/4.3.3/../../../../avr/lib/avr5/crtm32.o
__vector_2                                        obj\Debug\RP6Lib\RP6base\RP6RobotBaseLib.o
                                                  c:/winavr-20100110/bin/../lib/gcc/avr/4.3.3/../../../../avr/lib/avr5/crtm32.o
__vector_20                                       c:/winavr-20100110/bin/../lib/gcc/avr/4.3.3/../../../../avr/lib/avr5/crtm32.o
__vector_3                                        obj\Debug\RP6Lib\RP6base\RP6RobotBaseLib.o
                                                  c:/winavr-20100110/bin/../lib/gcc/avr/4.3.3/../../../../avr/lib/avr5/crtm32.o
__vector_4                                        obj\Debug\RP6Lib\RP6base\RP6RobotBaseLib.o
                                                  c:/winavr-20100110/bin/../lib/gcc/avr/4.3.3/../../../../avr/lib/avr5/crtm32.o
__vector_5                                        c:/winavr-20100110/bin/../lib/gcc/avr/4.3.3/../../../../avr/lib/avr5/crtm32.o
__vector_6                                        c:/winavr-20100110/bin/../lib/gcc/avr/4.3.3/../../../../avr/lib/avr5/crtm32.o
__vector_7                                        c:/winavr-20100110/bin/../lib/gcc/avr/4.3.3/../../../../avr/lib/avr5/crtm32.o
__vector_8                                        c:/winavr-20100110/bin/../lib/gcc/avr/4.3.3/../../../../avr/lib/avr5/crtm32.o
__vector_9                                        c:/winavr-20100110/bin/../lib/gcc/avr/4.3.3/../../../../avr/lib/avr5/crtm32.o
__vector_default                                  c:/winavr-20100110/bin/../lib/gcc/avr/4.3.3/../../../../avr/lib/avr5/crtm32.o
__vectors                                         c:/winavr-20100110/bin/../lib/gcc/avr/4.3.3/../../../../avr/lib/avr5/crtm32.o
_exit                                             c:/winavr-20100110/bin/../lib/gcc/avr/4.3.3/avr5\libgcc.a(_exit.o)
acs_event_counter                                 obj\Debug\RP6Lib\RP6base\RP6RobotBaseLib.o
acs_pulse                                         obj\Debug\RP6Lib\RP6base\RP6RobotBaseLib.o
acs_state                                         obj\Debug\RP6Lib\RP6base\RP6RobotBaseLib.o
acs_timer                                         obj\Debug\RP6Lib\RP6base\RP6RobotBaseLib.o
adc0                                              obj\Debug\RP6Lib\RP6base\RP6RobotBaseLib.o
adc1                                              obj\Debug\RP6Lib\RP6base\RP6RobotBaseLib.o
adcBat                                            obj\Debug\RP6Lib\RP6base\RP6RobotBaseLib.o
adcLSL                                            obj\Debug\RP6Lib\RP6base\RP6RobotBaseLib.o
adcLSR                                            obj\Debug\RP6Lib\RP6base\RP6RobotBaseLib.o
adcMotorCurrentLeft                               obj\Debug\RP6Lib\RP6base\RP6RobotBaseLib.o
adcMotorCurrentRight                              obj\Debug\RP6Lib\RP6base\RP6RobotBaseLib.o
bumper_left                                       obj\Debug\RP6Lib\RP6base\RP6RobotBaseLib.o
                                                  obj\Debug\main.o
bumper_right                                      obj\Debug\RP6Lib\RP6base\RP6RobotBaseLib.o
                                                  obj\Debug\main.o
bumper_timer                                      obj\Debug\RP6Lib\RP6base\RP6RobotBaseLib.o
bumpersStateChanged                               obj\Debug\main.o
changeDirection                                   obj\Debug\RP6Lib\RP6base\RP6RobotBaseLib.o
                                                  obj\Debug\main.o
clearReceptionBuffer                              obj\Debug\RP6Lib\RP6common\RP6uart.o
delayCycles                                       obj\Debug\RP6Lib\RP6base\RP6RobotBaseLib.o
delay_timer                                       obj\Debug\RP6Lib\RP6base\RP6RobotBaseLib.o
disableACS                                        obj\Debug\RP6Lib\RP6base\RP6RobotBaseLib.o
disablePowerOnWarning                             obj\Debug\RP6Lib\RP6base\RP6RobotBaseLib.o
distanceToMove_L                                  obj\Debug\RP6Lib\RP6base\RP6RobotBaseLib.o
distanceToMove_R                                  obj\Debug\RP6Lib\RP6base\RP6RobotBaseLib.o
driveCMD                                          obj\Debug\main.o
drive_dir                                         obj\Debug\RP6Lib\RP6base\RP6RobotBaseLib.o
emergencyShutdown                                 obj\Debug\RP6Lib\RP6base\RP6RobotBaseLib.o
enableACS                                         obj\Debug\RP6Lib\RP6base\RP6RobotBaseLib.o
enablePowerOnWarning                              obj\Debug\RP6Lib\RP6base\RP6RobotBaseLib.o
exit                                              c:/winavr-20100110/bin/../lib/gcc/avr/4.3.3/avr5\libgcc.a(_exit.o)
                                                  c:/winavr-20100110/bin/../lib/gcc/avr/4.3.3/../../../../avr/lib/avr5/crtm32.o
extIntOFF                                         obj\Debug\RP6Lib\RP6base\RP6RobotBaseLib.o
extIntON                                          obj\Debug\RP6Lib\RP6base\RP6RobotBaseLib.o
getBufferLength                                   obj\Debug\RP6Lib\RP6common\RP6uart.o
getBumperLeft                                     obj\Debug\RP6Lib\RP6base\RP6RobotBaseLib.o
getBumperRight                                    obj\Debug\RP6Lib\RP6base\RP6RobotBaseLib.o
initRobotBase                                     obj\Debug\RP6Lib\RP6base\RP6RobotBaseLib.o
                                                  obj\Debug\main.o
ircomm_data                                       obj\Debug\RP6Lib\RP6base\RP6RobotBaseLib.o
ircomm_data_tmp                                   obj\Debug\RP6Lib\RP6base\RP6RobotBaseLib.o
ircomm_send                                       obj\Debug\RP6Lib\RP6base\RP6RobotBaseLib.o
isMovementComplete                                obj\Debug\RP6Lib\RP6base\RP6RobotBaseLib.o
                                                  obj\Debug\main.o
itoa                                              c:/winavr-20100110/bin/../lib/gcc/avr/4.3.3/../../../../avr/lib/avr5\libc.a(itoa.o)
                                                  obj\Debug\RP6Lib\RP6common\RP6uart.o
leds_on                                           obj\Debug\RP6Lib\RP6base\RP6RobotBaseLib.o
left_i                                            obj\Debug\RP6Lib\RP6base\RP6RobotBaseLib.o
mSleep                                            obj\Debug\RP6Lib\RP6base\RP6RobotBaseLib.o
                                                  obj\Debug\main.o
main                                              obj\Debug\main.o
                                                  c:/winavr-20100110/bin/../lib/gcc/avr/4.3.3/../../../../avr/lib/avr5/crtm32.o
mleft_counter                                     obj\Debug\RP6Lib\RP6base\RP6RobotBaseLib.o
mleft_des_dir                                     obj\Debug\RP6Lib\RP6base\RP6RobotBaseLib.o
mleft_des_speed                                   obj\Debug\RP6Lib\RP6base\RP6RobotBaseLib.o
mleft_des_speed_tmp                               obj\Debug\RP6Lib\RP6base\RP6RobotBaseLib.o
mleft_dir                                         obj\Debug\RP6Lib\RP6base\RP6RobotBaseLib.o
mleft_dist                                        obj\Debug\RP6Lib\RP6base\RP6RobotBaseLib.o
mleft_power                                       obj\Debug\RP6Lib\RP6base\RP6RobotBaseLib.o
mleft_ptmp                                        obj\Debug\RP6Lib\RP6base\RP6RobotBaseLib.o
mleft_speed                                       obj\Debug\RP6Lib\RP6base\RP6RobotBaseLib.o
mode_Drive                                        obj\Debug\main.o
mode_Obstacle                                     obj\Debug\main.o
motion_status                                     obj\Debug\RP6Lib\RP6base\RP6RobotBaseLib.o
                                                  obj\Debug\main.o
motion_status_tmp                                 obj\Debug\RP6Lib\RP6base\RP6RobotBaseLib.o
motor_control                                     obj\Debug\RP6Lib\RP6base\RP6RobotBaseLib.o
move                                              obj\Debug\RP6Lib\RP6base\RP6RobotBaseLib.o
                                                  obj\Debug\main.o
moveAtSpeed                                       obj\Debug\RP6Lib\RP6base\RP6RobotBaseLib.o
                                                  obj\Debug\main.o
moveAtSpeedDirection                              obj\Debug\RP6Lib\RP6base\RP6RobotBaseLib.o
mright_counter                                    obj\Debug\RP6Lib\RP6base\RP6RobotBaseLib.o
mright_des_dir                                    obj\Debug\RP6Lib\RP6base\RP6RobotBaseLib.o
mright_des_speed                                  obj\Debug\RP6Lib\RP6base\RP6RobotBaseLib.o
mright_des_speed_tmp                              obj\Debug\RP6Lib\RP6base\RP6RobotBaseLib.o
mright_dir                                        obj\Debug\RP6Lib\RP6base\RP6RobotBaseLib.o
mright_dist                                       obj\Debug\RP6Lib\RP6base\RP6RobotBaseLib.o
mright_power                                      obj\Debug\RP6Lib\RP6base\RP6RobotBaseLib.o
mright_ptmp                                       obj\Debug\RP6Lib\RP6base\RP6RobotBaseLib.o
mright_speed                                      obj\Debug\RP6Lib\RP6base\RP6RobotBaseLib.o
ms_timer                                          obj\Debug\RP6Lib\RP6base\RP6RobotBaseLib.o
obstacle_left                                     obj\Debug\RP6Lib\RP6base\RP6RobotBaseLib.o
obstacle_right                                    obj\Debug\RP6Lib\RP6base\RP6RobotBaseLib.o
overcurrent_error_clear                           obj\Debug\RP6Lib\RP6base\RP6RobotBaseLib.o
overcurrent_errors                                obj\Debug\RP6Lib\RP6base\RP6RobotBaseLib.o
overcurrent_timeout                               obj\Debug\RP6Lib\RP6base\RP6RobotBaseLib.o
overcurrent_timer                                 obj\Debug\RP6Lib\RP6base\RP6RobotBaseLib.o
powerOFF                                          obj\Debug\RP6Lib\RP6base\RP6RobotBaseLib.o
powerON                                           obj\Debug\RP6Lib\RP6base\RP6RobotBaseLib.o
                                                  obj\Debug\main.o
preDecelerate_L                                   obj\Debug\RP6Lib\RP6base\RP6RobotBaseLib.o
preDecelerate_R                                   obj\Debug\RP6Lib\RP6base\RP6RobotBaseLib.o
preStop_L                                         obj\Debug\RP6Lib\RP6base\RP6RobotBaseLib.o
preStop_R                                         obj\Debug\RP6Lib\RP6base\RP6RobotBaseLib.o
readADC                                           obj\Debug\RP6Lib\RP6base\RP6RobotBaseLib.o
readChar                                          obj\Debug\RP6Lib\RP6common\RP6uart.o
readChars                                         obj\Debug\RP6Lib\RP6common\RP6uart.o
read_pos                                          obj\Debug\RP6Lib\RP6common\RP6uart.o
read_size                                         obj\Debug\RP6Lib\RP6common\RP6uart.o
right_i                                           obj\Debug\RP6Lib\RP6base\RP6RobotBaseLib.o
rotate                                            obj\Debug\RP6Lib\RP6base\RP6RobotBaseLib.o
                                                  obj\Debug\main.o
setACSPwrHigh                                     obj\Debug\RP6Lib\RP6base\RP6RobotBaseLib.o
setACSPwrLow                                      obj\Debug\RP6Lib\RP6base\RP6RobotBaseLib.o
setACSPwrMed                                      obj\Debug\RP6Lib\RP6base\RP6RobotBaseLib.o
setACSPwrOff                                      obj\Debug\RP6Lib\RP6base\RP6RobotBaseLib.o
setLEDs                                           obj\Debug\RP6Lib\RP6base\RP6RobotBaseLib.o
setMotorDir                                       obj\Debug\RP6Lib\RP6base\RP6RobotBaseLib.o
setMotorPower                                     obj\Debug\RP6Lib\RP6base\RP6RobotBaseLib.o
sleep                                             obj\Debug\RP6Lib\RP6base\RP6RobotBaseLib.o
speed_adjust_timer                                obj\Debug\RP6Lib\RP6base\RP6RobotBaseLib.o
speed_timer                                       obj\Debug\RP6Lib\RP6base\RP6RobotBaseLib.o
startADC                                          obj\Debug\RP6Lib\RP6base\RP6RobotBaseLib.o
state                                             obj\Debug\main.o
stateModel                                        obj\Debug\main.o
statusLEDs                                        obj\Debug\RP6Lib\RP6base\RP6RobotBaseLib.o
                                                  obj\Debug\main.o
stop                                              obj\Debug\RP6Lib\RP6base\RP6RobotBaseLib.o
stopwatches                                       obj\Debug\RP6Lib\RP6base\RP6RobotBaseLib.o
strlen                                            c:/winavr-20100110/bin/../lib/gcc/avr/4.3.3/../../../../avr/lib/avr5\libc.a(strlen.o)
                                                  obj\Debug\RP6Lib\RP6common\RP6uart.o
strrev                                            c:/winavr-20100110/bin/../lib/gcc/avr/4.3.3/../../../../avr/lib/avr5\libc.a(strrev.o)
                                                  c:/winavr-20100110/bin/../lib/gcc/avr/4.3.3/../../../../avr/lib/avr5\libc.a(itoa.o)
sysStatACS                                        obj\Debug\RP6Lib\RP6base\RP6RobotBaseLib.o
task_ACS                                          obj\Debug\RP6Lib\RP6base\RP6RobotBaseLib.o
task_ADC                                          obj\Debug\RP6Lib\RP6base\RP6RobotBaseLib.o
task_Bumpers                                      obj\Debug\RP6Lib\RP6base\RP6RobotBaseLib.o
task_RP6System                                    obj\Debug\RP6Lib\RP6base\RP6RobotBaseLib.o
                                                  obj\Debug\main.o
task_motionControl                                obj\Debug\RP6Lib\RP6base\RP6RobotBaseLib.o
timer                                             obj\Debug\RP6Lib\RP6base\RP6RobotBaseLib.o
                                                  obj\Debug\main.o
uart_receive_buffer                               obj\Debug\RP6Lib\RP6common\RP6uart.o
uart_status                                       obj\Debug\RP6Lib\RP6common\RP6uart.o
updateStatusLEDs                                  obj\Debug\RP6Lib\RP6base\RP6RobotBaseLib.o
writeChar                                         obj\Debug\RP6Lib\RP6common\RP6uart.o
writeInteger                                      obj\Debug\RP6Lib\RP6common\RP6uart.o
writeIntegerLength                                obj\Debug\RP6Lib\RP6common\RP6uart.o
writeNStringP                                     obj\Debug\RP6Lib\RP6common\RP6uart.o
                                                  obj\Debug\RP6Lib\RP6base\RP6RobotBaseLib.o
writeString                                       obj\Debug\RP6Lib\RP6common\RP6uart.o
writeStringLength                                 obj\Debug\RP6Lib\RP6common\RP6uart.o
write_pos                                         obj\Debug\RP6Lib\RP6common\RP6uart.o
write_size                                        obj\Debug\RP6Lib\RP6common\RP6uart.o
