Archive member included because of file (symbol)

c:/winavr-20100110/bin/../lib/gcc/avr/4.3.3/avr5\libgcc.a(_mulsi3.o)
                              obj\Debug\RP6Lib\RP6base\RP6RobotBaseLib.o (__mulsi3)
c:/winavr-20100110/bin/../lib/gcc/avr/4.3.3/avr5\libgcc.a(_udivmodhi4.o)
                              obj\Debug\RP6Lib\RP6base\RP6RobotBaseLib.o (__udivmodhi4)
c:/winavr-20100110/bin/../lib/gcc/avr/4.3.3/avr5\libgcc.a(_udivmodsi4.o)
                              obj\Debug\RP6Lib\RP6base\RP6RobotBaseLib.o (__udivmodsi4)
c:/winavr-20100110/bin/../lib/gcc/avr/4.3.3/avr5\libgcc.a(_exit.o)
                              c:/winavr-20100110/bin/../lib/gcc/avr/4.3.3/../../../../avr/lib/avr5/crtm32.o (exit)
c:/winavr-20100110/bin/../lib/gcc/avr/4.3.3/avr5\libgcc.a(_copy_data.o)
                              obj\Debug\main.o (__do_copy_data)
c:/winavr-20100110/bin/../lib/gcc/avr/4.3.3/avr5\libgcc.a(_clear_bss.o)
                              obj\Debug\main.o (__do_clear_bss)
c:/winavr-20100110/bin/../lib/gcc/avr/4.3.3/avr5\libgcc.a(_fixunssfsi.o)
                              obj\Debug\main.o (__fixunssfsi)
c:/winavr-20100110/bin/../lib/gcc/avr/4.3.3/avr5\libgcc.a(_addsub_sf.o)
                              c:/winavr-20100110/bin/../lib/gcc/avr/4.3.3/avr5\libgcc.a(_fixunssfsi.o) (__subsf3)
c:/winavr-20100110/bin/../lib/gcc/avr/4.3.3/avr5\libgcc.a(_div_sf.o)
                              obj\Debug\main.o (__divsf3)
c:/winavr-20100110/bin/../lib/gcc/avr/4.3.3/avr5\libgcc.a(_ge_sf.o)
                              c:/winavr-20100110/bin/../lib/gcc/avr/4.3.3/avr5\libgcc.a(_fixunssfsi.o) (__gesf2)
c:/winavr-20100110/bin/../lib/gcc/avr/4.3.3/avr5\libgcc.a(_sf_to_si.o)
                              c:/winavr-20100110/bin/../lib/gcc/avr/4.3.3/avr5\libgcc.a(_fixunssfsi.o) (__fixsfsi)
c:/winavr-20100110/bin/../lib/gcc/avr/4.3.3/avr5\libgcc.a(_thenan_sf.o)
                              c:/winavr-20100110/bin/../lib/gcc/avr/4.3.3/avr5\libgcc.a(_addsub_sf.o) (__thenan_sf)
c:/winavr-20100110/bin/../lib/gcc/avr/4.3.3/avr5\libgcc.a(_usi_to_sf.o)
                              obj\Debug\main.o (__floatunsisf)
c:/winavr-20100110/bin/../lib/gcc/avr/4.3.3/avr5\libgcc.a(_prologue.o)
                              c:/winavr-20100110/bin/../lib/gcc/avr/4.3.3/avr5\libgcc.a(_addsub_sf.o) (__prologue_saves__)
c:/winavr-20100110/bin/../lib/gcc/avr/4.3.3/avr5\libgcc.a(_epilogue.o)
                              c:/winavr-20100110/bin/../lib/gcc/avr/4.3.3/avr5\libgcc.a(_addsub_sf.o) (__epilogue_restores__)
c:/winavr-20100110/bin/../lib/gcc/avr/4.3.3/avr5\libgcc.a(_clzsi2.o)
                              c:/winavr-20100110/bin/../lib/gcc/avr/4.3.3/avr5\libgcc.a(_usi_to_sf.o) (__clzsi2)
c:/winavr-20100110/bin/../lib/gcc/avr/4.3.3/avr5\libgcc.a(_pack_sf.o)
                              c:/winavr-20100110/bin/../lib/gcc/avr/4.3.3/avr5\libgcc.a(_addsub_sf.o) (__pack_f)
c:/winavr-20100110/bin/../lib/gcc/avr/4.3.3/avr5\libgcc.a(_unpack_sf.o)
                              c:/winavr-20100110/bin/../lib/gcc/avr/4.3.3/avr5\libgcc.a(_addsub_sf.o) (__unpack_f)
c:/winavr-20100110/bin/../lib/gcc/avr/4.3.3/avr5\libgcc.a(_fpcmp_parts_sf.o)
                              c:/winavr-20100110/bin/../lib/gcc/avr/4.3.3/avr5\libgcc.a(_ge_sf.o) (__fpcmp_parts_f)
c:/winavr-20100110/bin/../lib/gcc/avr/4.3.3/avr5\libgcc.a(_clz.o)
                              c:/winavr-20100110/bin/../lib/gcc/avr/4.3.3/avr5\libgcc.a(_clzsi2.o) (__clz_tab)
c:/winavr-20100110/bin/../lib/gcc/avr/4.3.3/../../../../avr/lib/avr5\libc.a(strlen.o)
                              obj\Debug\RP6Lib\RP6common\RP6uart.o (strlen)
c:/winavr-20100110/bin/../lib/gcc/avr/4.3.3/../../../../avr/lib/avr5\libc.a(itoa.o)
                              obj\Debug\RP6Lib\RP6common\RP6uart.o (itoa)
c:/winavr-20100110/bin/../lib/gcc/avr/4.3.3/../../../../avr/lib/avr5\libc.a(strrev.o)
                              c:/winavr-20100110/bin/../lib/gcc/avr/4.3.3/../../../../avr/lib/avr5\libc.a(itoa.o) (strrev)

Allocating common symbols
Common symbol       size              file

bumper_left         0x1               obj\Debug\RP6Lib\RP6base\RP6RobotBaseLib.o
preStop_R           0x2               obj\Debug\RP6Lib\RP6base\RP6RobotBaseLib.o
mright_des_speed    0x2               obj\Debug\RP6Lib\RP6base\RP6RobotBaseLib.o
I2CTWI_genCallCMD   0x1               obj\Debug\RP6Lib\RP6common\RP6I2CslaveTWI.o
timer               0x2               obj\Debug\main.o
mleft_des_speed     0x2               obj\Debug\RP6Lib\RP6base\RP6RobotBaseLib.o
mleft_des_speed_tmp
                    0x2               obj\Debug\RP6Lib\RP6base\RP6RobotBaseLib.o
uart_status         0x1               obj\Debug\RP6Lib\RP6common\RP6uart.o
I2CTWI_writeRegisters
                    0x10              obj\Debug\RP6Lib\RP6common\RP6I2CslaveTWI.o
motion_status       0x1               obj\Debug\main.o
sysStatACS          0x1               obj\Debug\RP6Lib\RP6base\RP6RobotBaseLib.o
ircomm_send         0x1               obj\Debug\RP6Lib\RP6base\RP6RobotBaseLib.o
overcurrent_error_clear
                    0x1               obj\Debug\RP6Lib\RP6base\RP6RobotBaseLib.o
distanceToMove_R    0x2               obj\Debug\RP6Lib\RP6base\RP6RobotBaseLib.o
acs_pulse           0x1               obj\Debug\RP6Lib\RP6base\RP6RobotBaseLib.o
left_i              0x2               obj\Debug\RP6Lib\RP6base\RP6RobotBaseLib.o
IRCOMM_RC5_data     0x2               obj\Debug\RP6Lib\RP6base\RP6RobotBaseLib.o
motor_control       0x1               obj\Debug\RP6Lib\RP6base\RP6RobotBaseLib.o
leds_on             0x1               obj\Debug\RP6Lib\RP6base\RP6RobotBaseLib.o
mleft_power         0x2               obj\Debug\RP6Lib\RP6base\RP6RobotBaseLib.o
state               0x2               obj\Debug\main.o
mleft_speed         0x2               obj\Debug\RP6Lib\RP6base\RP6RobotBaseLib.o
preDecelerate_R     0x2               obj\Debug\RP6Lib\RP6base\RP6RobotBaseLib.o
mright_des_speed_tmp
                    0x2               obj\Debug\RP6Lib\RP6base\RP6RobotBaseLib.o
adc1                0x2               obj\Debug\RP6Lib\RP6base\RP6RobotBaseLib.o
adcLSL              0x2               obj\Debug\RP6Lib\RP6base\RP6RobotBaseLib.o
acs_timer           0x2               obj\Debug\RP6Lib\RP6base\RP6RobotBaseLib.o
preStop_L           0x2               obj\Debug\RP6Lib\RP6base\RP6RobotBaseLib.o
mright_power        0x2               obj\Debug\RP6Lib\RP6base\RP6RobotBaseLib.o
mright_counter      0x2               obj\Debug\RP6Lib\RP6base\RP6RobotBaseLib.o
ircomm_data_tmp     0x2               obj\Debug\RP6Lib\RP6base\RP6RobotBaseLib.o
distanceToMove_L    0x2               obj\Debug\RP6Lib\RP6base\RP6RobotBaseLib.o
stopwatches         0x11              obj\Debug\RP6Lib\RP6base\RP6RobotBaseLib.o
overcurrent_timeout
                    0x1               obj\Debug\RP6Lib\RP6base\RP6RobotBaseLib.o
obstacle_left       0x1               obj\Debug\RP6Lib\RP6base\RP6RobotBaseLib.o
overcurrent_errors  0x1               obj\Debug\RP6Lib\RP6base\RP6RobotBaseLib.o
overcurrent_timer   0x1               obj\Debug\RP6Lib\RP6base\RP6RobotBaseLib.o
statusLEDs          0x1               obj\Debug\main.o
mright_ptmp         0x1               obj\Debug\RP6Lib\RP6base\RP6RobotBaseLib.o
ircomm_data         0x2               obj\Debug\RP6Lib\RP6base\RP6RobotBaseLib.o
adcLSR              0x2               obj\Debug\RP6Lib\RP6base\RP6RobotBaseLib.o
speed_adjust_timer  0x1               obj\Debug\RP6Lib\RP6base\RP6RobotBaseLib.o
obstacle_right      0x1               obj\Debug\RP6Lib\RP6base\RP6RobotBaseLib.o
speed_timer         0x1               obj\Debug\RP6Lib\RP6base\RP6RobotBaseLib.o
right_i             0x2               obj\Debug\RP6Lib\RP6base\RP6RobotBaseLib.o
bumper_timer        0x1               obj\Debug\RP6Lib\RP6base\RP6RobotBaseLib.o
mright_dist         0x2               obj\Debug\RP6Lib\RP6base\RP6RobotBaseLib.o
preDecelerate_L     0x2               obj\Debug\RP6Lib\RP6base\RP6RobotBaseLib.o
mleft_counter       0x2               obj\Debug\RP6Lib\RP6base\RP6RobotBaseLib.o
adc0                0x2               obj\Debug\RP6Lib\RP6base\RP6RobotBaseLib.o
delay_timer         0x1               obj\Debug\RP6Lib\RP6base\RP6RobotBaseLib.o
I2CTWI_readRegisters
                    0x30              obj\Debug\RP6Lib\RP6common\RP6I2CslaveTWI.o
adcMotorCurrentRight
                    0x2               obj\Debug\RP6Lib\RP6base\RP6RobotBaseLib.o
ms_timer            0x1               obj\Debug\RP6Lib\RP6base\RP6RobotBaseLib.o
mright_speed        0x2               obj\Debug\RP6Lib\RP6base\RP6RobotBaseLib.o
mleft_dist          0x2               obj\Debug\RP6Lib\RP6base\RP6RobotBaseLib.o
bumper_right        0x1               obj\Debug\RP6Lib\RP6base\RP6RobotBaseLib.o
acs_event_counter   0x1               obj\Debug\RP6Lib\RP6base\RP6RobotBaseLib.o
motion_status_tmp   0x1               obj\Debug\RP6Lib\RP6base\RP6RobotBaseLib.o
adcBat              0x2               obj\Debug\RP6Lib\RP6base\RP6RobotBaseLib.o
uart_receive_buffer
                    0x21              obj\Debug\RP6Lib\RP6common\RP6uart.o
IRCOMM_RC5_data_ok  0x2               obj\Debug\RP6Lib\RP6base\RP6RobotBaseLib.o
mleft_ptmp          0x1               obj\Debug\RP6Lib\RP6base\RP6RobotBaseLib.o
adcMotorCurrentLeft
                    0x2               obj\Debug\RP6Lib\RP6base\RP6RobotBaseLib.o

Memory Configuration

Name             Origin             Length             Attributes
text             0x00000000         0x00020000         xr
data             0x00800060         0x0000ffa0         rw !x
eeprom           0x00810000         0x00010000         rw !x
fuse             0x00820000         0x00000400         rw !x
lock             0x00830000         0x00000400         rw !x
signature        0x00840000         0x00000400         rw !x
*default*        0x00000000         0xffffffff

Linker script and memory map

LOAD c:/winavr-20100110/bin/../lib/gcc/avr/4.3.3/../../../../avr/lib/avr5/crtm32.o
LOAD obj\Debug\main.o
LOAD obj\Debug\RP6Lib\RP6base\RP6RobotBaseLib.o
LOAD obj\Debug\RP6Lib\RP6common\RP6I2CslaveTWI.o
LOAD obj\Debug\RP6Lib\RP6common\RP6uart.o
LOAD c:/winavr-20100110/bin/../lib/gcc/avr/4.3.3/avr5\libgcc.a
LOAD c:/winavr-20100110/bin/../lib/gcc/avr/4.3.3/../../../../avr/lib/avr5\libm.a
LOAD c:/winavr-20100110/bin/../lib/gcc/avr/4.3.3/avr5\libgcc.a
LOAD c:/winavr-20100110/bin/../lib/gcc/avr/4.3.3/../../../../avr/lib/avr5\libc.a
LOAD c:/winavr-20100110/bin/../lib/gcc/avr/4.3.3/avr5\libgcc.a

.hash
 *(.hash)

.dynsym
 *(.dynsym)

.dynstr
 *(.dynstr)

.gnu.version
 *(.gnu.version)

.gnu.version_d
 *(.gnu.version_d)

.gnu.version_r
 *(.gnu.version_r)

.rel.init
 *(.rel.init)

.rela.init
 *(.rela.init)

.rel.text
 *(.rel.text)
 *(.rel.text.*)
 *(.rel.gnu.linkonce.t*)

.rela.text
 *(.rela.text)
 *(.rela.text.*)
 *(.rela.gnu.linkonce.t*)

.rel.fini
 *(.rel.fini)

.rela.fini
 *(.rela.fini)

.rel.rodata
 *(.rel.rodata)
 *(.rel.rodata.*)
 *(.rel.gnu.linkonce.r*)

.rela.rodata
 *(.rela.rodata)
 *(.rela.rodata.*)
 *(.rela.gnu.linkonce.r*)

.rel.data
 *(.rel.data)
 *(.rel.data.*)
 *(.rel.gnu.linkonce.d*)

.rela.data
 *(.rela.data)
 *(.rela.data.*)
 *(.rela.gnu.linkonce.d*)

.rel.ctors
 *(.rel.ctors)

.rela.ctors
 *(.rela.ctors)

.rel.dtors
 *(.rel.dtors)

.rela.dtors
 *(.rela.dtors)

.rel.got
 *(.rel.got)

.rela.got
 *(.rela.got)

.rel.bss
 *(.rel.bss)

.rela.bss
 *(.rela.bss)

.rel.plt
 *(.rel.plt)

.rela.plt
 *(.rela.plt)

.text           0x00000000     0x3bf6
 *(.vectors)
 .vectors       0x00000000       0x54 c:/winavr-20100110/bin/../lib/gcc/avr/4.3.3/../../../../avr/lib/avr5/crtm32.o
                0x00000000                __vectors
                0x00000000                __vector_default
 *(.vectors)
 *(.progmem.gcc*)
 *(.progmem*)
 .progmem.data  0x00000054      0x1be obj\Debug\RP6Lib\RP6base\RP6RobotBaseLib.o
                0x00000212                . = ALIGN (0x2)
                0x00000212                __trampolines_start = .
 *(.trampolines)
 .trampolines   0x00000212        0x0 linker stubs
 *(.trampolines*)
                0x00000212                __trampolines_end = .
 *(.jumptables)
 *(.jumptables*)
 *(.lowtext)
 *(.lowtext*)
                0x00000212                __ctors_start = .
 *(.ctors)
                0x00000212                __ctors_end = .
                0x00000212                __dtors_start = .
 *(.dtors)
                0x00000212                __dtors_end = .
 SORT(*)(.ctors)
 SORT(*)(.dtors)
 *(.init0)
 .init0         0x00000212        0x0 c:/winavr-20100110/bin/../lib/gcc/avr/4.3.3/../../../../avr/lib/avr5/crtm32.o
                0x00000212                __init
 *(.init0)
 *(.init1)
 *(.init1)
 *(.init2)
 .init2         0x00000212        0xc c:/winavr-20100110/bin/../lib/gcc/avr/4.3.3/../../../../avr/lib/avr5/crtm32.o
 *(.init2)
 *(.init3)
 *(.init3)
 *(.init4)
 .init4         0x0000021e       0x16 c:/winavr-20100110/bin/../lib/gcc/avr/4.3.3/avr5\libgcc.a(_copy_data.o)
                0x0000021e                __do_copy_data
 .init4         0x00000234       0x10 c:/winavr-20100110/bin/../lib/gcc/avr/4.3.3/avr5\libgcc.a(_clear_bss.o)
                0x00000234                __do_clear_bss
 *(.init4)
 *(.init5)
 *(.init5)
 *(.init6)
 *(.init6)
 *(.init7)
 *(.init7)
 *(.init8)
 *(.init8)
 *(.init9)
 .init9         0x00000244        0x8 c:/winavr-20100110/bin/../lib/gcc/avr/4.3.3/../../../../avr/lib/avr5/crtm32.o
 *(.init9)
 *(.text)
 .text          0x0000024c        0x4 c:/winavr-20100110/bin/../lib/gcc/avr/4.3.3/../../../../avr/lib/avr5/crtm32.o
                0x0000024c                __vector_12
                0x0000024c                __bad_interrupt
                0x0000024c                __vector_6
                0x0000024c                __vector_11
                0x0000024c                __vector_17
                0x0000024c                __vector_7
                0x0000024c                __vector_5
                0x0000024c                __vector_9
                0x0000024c                __vector_15
                0x0000024c                __vector_8
                0x0000024c                __vector_14
                0x0000024c                __vector_16
                0x0000024c                __vector_18
                0x0000024c                __vector_20
 .text          0x00000250      0x480 obj\Debug\main.o
                0x00000250                mode_Drive
                0x0000025e                mode_Obstacle
                0x00000542                driveCMD
                0x00000664                stateModel
                0x000004ee                bumpersStateChanged
                0x000006a6                main
 .text          0x000006d0     0x22f0 obj\Debug\RP6Lib\RP6base\RP6RobotBaseLib.o
                0x000006d0                enablePowerOnWarning
                0x0000279a                mSleep
                0x00000b80                __vector_1
                0x00001764                setMotorPower
                0x000008b2                getBumperRight
                0x00000c18                MOTIONCONTROL_stateChanged_DUMMY
                0x00001a80                IRCOMM_RC5dataReady_DUMMY
                0x00001360                moveAtSpeedDirection
                0x000006ea                disablePowerOnWarning
                0x00000832                setLEDs
                0x00001614                rotate
                0x000017ac                setMotorDir
                0x0000281a                extIntON
                0x000021c2                powerOFF
                0x00002778                sleep
                0x000019fc                __vector_3
                0x000006fe                updateStatusLEDs
                0x00001824                IRCOMM_sendRC5
                0x000027dc                delayCycles
                0x00001fbe                disableACS
                0x00000922                BUMPERS_setStateChangedHandler
                0x0000210c                setACSPwrMed
                0x00001a98                IRCOMM_setRC5DataReadyHandler
                0x00001aca                ACS_setStateChangedHandler
                0x0000099c                readADC
                0x0000147e                move
                0x00000850                getBumperLeft
                0x00001aee                task_ACS
                0x000012b2                moveAtSpeed
                0x000012fa                changeDirection
                0x00002152                setACSPwrHigh
                0x00002064                setACSPwrOff
                0x000020c6                setACSPwrLow
                0x00000c4a                emergencyShutdown
                0x00000946                task_Bumpers
                0x0000286e                task_RP6System
                0x00001abc                ACS_stateChanged_DUMMY
                0x00001894                __vector_4
                0x00002010                enableACS
                0x00000bcc                __vector_2
                0x00002844                extIntOFF
                0x00000a10                startADC
                0x00002198                powerON
                0x00000c26                MOTIONCONTROL_setStateChangedHandler
                0x00000d66                task_motionControl
                0x0000288c                initRobotBase
                0x00000914                BUMPERS_stateChanged_DUMMY
                0x00002210                __vector_10
                0x0000142a                stop
                0x000013f2                isMovementComplete
                0x00000a36                task_ADC
 .text          0x000029c0      0x200 obj\Debug\RP6Lib\RP6common\RP6I2CslaveTWI.o
                0x000029f8                __vector_19
                0x000029c0                I2CTWI_initSlave
 .text          0x00002bc0      0x3be obj\Debug\RP6Lib\RP6common\RP6uart.o
                0x00002e3e                readChar
                0x00002e96                readChars
                0x00002f1a                getBufferLength
                0x00002f36                clearReceptionBuffer
                0x00002bee                writeString
                0x00002d24                writeIntegerLength
                0x00002dae                __vector_13
                0x00002cda                writeInteger
                0x00002bc0                writeChar
                0x00002c78                writeStringLength
                0x00002c28                writeNStringP
 .text          0x00002f7e        0x0 c:/winavr-20100110/bin/../lib/gcc/avr/4.3.3/avr5\libgcc.a(_mulsi3.o)
 .text          0x00002f7e        0x0 c:/winavr-20100110/bin/../lib/gcc/avr/4.3.3/avr5\libgcc.a(_udivmodhi4.o)
 .text          0x00002f7e        0x0 c:/winavr-20100110/bin/../lib/gcc/avr/4.3.3/avr5\libgcc.a(_udivmodsi4.o)
 .text          0x00002f7e        0x0 c:/winavr-20100110/bin/../lib/gcc/avr/4.3.3/avr5\libgcc.a(_exit.o)
 .text          0x00002f7e        0x0 c:/winavr-20100110/bin/../lib/gcc/avr/4.3.3/avr5\libgcc.a(_copy_data.o)
 .text          0x00002f7e        0x0 c:/winavr-20100110/bin/../lib/gcc/avr/4.3.3/avr5\libgcc.a(_clear_bss.o)
 .text          0x00002f7e       0x58 c:/winavr-20100110/bin/../lib/gcc/avr/4.3.3/avr5\libgcc.a(_fixunssfsi.o)
                0x00002f7e                __fixunssfsi
 .text          0x00002fd6      0x354 c:/winavr-20100110/bin/../lib/gcc/avr/4.3.3/avr5\libgcc.a(_addsub_sf.o)
                0x0000326e                __subsf3
                0x000032d0                __addsf3
 .text          0x0000332a      0x158 c:/winavr-20100110/bin/../lib/gcc/avr/4.3.3/avr5\libgcc.a(_div_sf.o)
                0x0000332a                __divsf3
 .text          0x00003482       0x60 c:/winavr-20100110/bin/../lib/gcc/avr/4.3.3/avr5\libgcc.a(_ge_sf.o)
                0x00003482                __gesf2
 .text          0x000034e2       0xa8 c:/winavr-20100110/bin/../lib/gcc/avr/4.3.3/avr5\libgcc.a(_sf_to_si.o)
                0x000034e2                __fixsfsi
 .text          0x0000358a        0x0 c:/winavr-20100110/bin/../lib/gcc/avr/4.3.3/avr5\libgcc.a(_thenan_sf.o)
 .text          0x0000358a       0xf2 c:/winavr-20100110/bin/../lib/gcc/avr/4.3.3/avr5\libgcc.a(_usi_to_sf.o)
                0x0000358a                __floatunsisf
 .text          0x0000367c        0x0 c:/winavr-20100110/bin/../lib/gcc/avr/4.3.3/avr5\libgcc.a(_prologue.o)
 .text          0x0000367c        0x0 c:/winavr-20100110/bin/../lib/gcc/avr/4.3.3/avr5\libgcc.a(_epilogue.o)
 .text          0x0000367c       0x9e c:/winavr-20100110/bin/../lib/gcc/avr/4.3.3/avr5\libgcc.a(_clzsi2.o)
                0x0000367c                __clzsi2
 .text          0x0000371a      0x1aa c:/winavr-20100110/bin/../lib/gcc/avr/4.3.3/avr5\libgcc.a(_pack_sf.o)
                0x0000371a                __pack_f
 .text          0x000038c4       0xf0 c:/winavr-20100110/bin/../lib/gcc/avr/4.3.3/avr5\libgcc.a(_unpack_sf.o)
                0x000038c4                __unpack_f
 .text          0x000039b4       0xb2 c:/winavr-20100110/bin/../lib/gcc/avr/4.3.3/avr5\libgcc.a(_fpcmp_parts_sf.o)
                0x000039b4                __fpcmp_parts_f
 .text          0x00003a66        0x0 c:/winavr-20100110/bin/../lib/gcc/avr/4.3.3/avr5\libgcc.a(_clz.o)
 .text          0x00003a66        0x0 c:/winavr-20100110/bin/../lib/gcc/avr/4.3.3/../../../../avr/lib/avr5\libc.a(strlen.o)
 .text          0x00003a66        0x0 c:/winavr-20100110/bin/../lib/gcc/avr/4.3.3/../../../../avr/lib/avr5\libc.a(itoa.o)
 .text          0x00003a66        0x0 c:/winavr-20100110/bin/../lib/gcc/avr/4.3.3/../../../../avr/lib/avr5\libc.a(strrev.o)
                0x00003a66                . = ALIGN (0x2)
 *(.text.*)
 .text.libgcc   0x00003a66       0x3e c:/winavr-20100110/bin/../lib/gcc/avr/4.3.3/avr5\libgcc.a(_mulsi3.o)
                0x00003a66                __mulsi3
 .text.libgcc   0x00003aa4       0x28 c:/winavr-20100110/bin/../lib/gcc/avr/4.3.3/avr5\libgcc.a(_udivmodhi4.o)
                0x00003aa4                __udivmodhi4
 .text.libgcc   0x00003acc       0x44 c:/winavr-20100110/bin/../lib/gcc/avr/4.3.3/avr5\libgcc.a(_udivmodsi4.o)
                0x00003acc                __udivmodsi4
 .text.libgcc   0x00003b10        0x0 c:/winavr-20100110/bin/../lib/gcc/avr/4.3.3/avr5\libgcc.a(_exit.o)
 .text.libgcc   0x00003b10        0x0 c:/winavr-20100110/bin/../lib/gcc/avr/4.3.3/avr5\libgcc.a(_copy_data.o)
 .text.libgcc   0x00003b10        0x0 c:/winavr-20100110/bin/../lib/gcc/avr/4.3.3/avr5\libgcc.a(_clear_bss.o)
 .text.libgcc   0x00003b10       0x38 c:/winavr-20100110/bin/../lib/gcc/avr/4.3.3/avr5\libgcc.a(_prologue.o)
                0x00003b10                __prologue_saves__
 .text.libgcc   0x00003b48       0x36 c:/winavr-20100110/bin/../lib/gcc/avr/4.3.3/avr5\libgcc.a(_epilogue.o)
                0x00003b48                __epilogue_restores__
 .text.avr-libc
                0x00003b7e       0x12 c:/winavr-20100110/bin/../lib/gcc/avr/4.3.3/../../../../avr/lib/avr5\libc.a(strlen.o)
                0x00003b7e                strlen
 .text.avr-libc
                0x00003b90       0x42 c:/winavr-20100110/bin/../lib/gcc/avr/4.3.3/../../../../avr/lib/avr5\libc.a(itoa.o)
                0x00003b90                itoa
 .text.avr-libc
                0x00003bd2       0x20 c:/winavr-20100110/bin/../lib/gcc/avr/4.3.3/../../../../avr/lib/avr5\libc.a(strrev.o)
                0x00003bd2                strrev
                0x00003bf2                . = ALIGN (0x2)
 *(.fini9)
 .fini9         0x00003bf2        0x0 c:/winavr-20100110/bin/../lib/gcc/avr/4.3.3/avr5\libgcc.a(_exit.o)
                0x00003bf2                exit
                0x00003bf2                _exit
 *(.fini9)
 *(.fini8)
 *(.fini8)
 *(.fini7)
 *(.fini7)
 *(.fini6)
 *(.fini6)
 *(.fini5)
 *(.fini5)
 *(.fini4)
 *(.fini4)
 *(.fini3)
 *(.fini3)
 *(.fini2)
 *(.fini2)
 *(.fini1)
 *(.fini1)
 *(.fini0)
 .fini0         0x00003bf2        0x4 c:/winavr-20100110/bin/../lib/gcc/avr/4.3.3/avr5\libgcc.a(_exit.o)
 *(.fini0)
                0x00003bf6                _etext = .

.data           0x00800060      0x118 load address 0x00003bf6
                0x00800060                PROVIDE (__data_start, .)
 *(.data)
 .data          0x00800060        0x0 c:/winavr-20100110/bin/../lib/gcc/avr/4.3.3/../../../../avr/lib/avr5/crtm32.o
 .data          0x00800060        0x6 obj\Debug\main.o
                0x00800060                DRIVE
 .data          0x00800066        0x9 obj\Debug\RP6Lib\RP6base\RP6RobotBaseLib.o
                0x0080006a                acs_state
 .data          0x0080006f        0x0 obj\Debug\RP6Lib\RP6common\RP6I2CslaveTWI.o
 .data          0x0080006f        0x0 obj\Debug\RP6Lib\RP6common\RP6uart.o
 .data          0x0080006f        0x0 c:/winavr-20100110/bin/../lib/gcc/avr/4.3.3/avr5\libgcc.a(_mulsi3.o)
 .data          0x0080006f        0x0 c:/winavr-20100110/bin/../lib/gcc/avr/4.3.3/avr5\libgcc.a(_udivmodhi4.o)
 .data          0x0080006f        0x0 c:/winavr-20100110/bin/../lib/gcc/avr/4.3.3/avr5\libgcc.a(_udivmodsi4.o)
 .data          0x0080006f        0x0 c:/winavr-20100110/bin/../lib/gcc/avr/4.3.3/avr5\libgcc.a(_exit.o)
 .data          0x0080006f        0x0 c:/winavr-20100110/bin/../lib/gcc/avr/4.3.3/avr5\libgcc.a(_copy_data.o)
 .data          0x0080006f        0x0 c:/winavr-20100110/bin/../lib/gcc/avr/4.3.3/avr5\libgcc.a(_clear_bss.o)
 .data          0x0080006f        0x0 c:/winavr-20100110/bin/../lib/gcc/avr/4.3.3/avr5\libgcc.a(_fixunssfsi.o)
 .data          0x0080006f        0x0 c:/winavr-20100110/bin/../lib/gcc/avr/4.3.3/avr5\libgcc.a(_addsub_sf.o)
 .data          0x0080006f        0x0 c:/winavr-20100110/bin/../lib/gcc/avr/4.3.3/avr5\libgcc.a(_div_sf.o)
 .data          0x0080006f        0x0 c:/winavr-20100110/bin/../lib/gcc/avr/4.3.3/avr5\libgcc.a(_ge_sf.o)
 .data          0x0080006f        0x0 c:/winavr-20100110/bin/../lib/gcc/avr/4.3.3/avr5\libgcc.a(_sf_to_si.o)
 .data          0x0080006f        0x8 c:/winavr-20100110/bin/../lib/gcc/avr/4.3.3/avr5\libgcc.a(_thenan_sf.o)
                0x0080006f                __thenan_sf
 .data          0x00800077        0x0 c:/winavr-20100110/bin/../lib/gcc/avr/4.3.3/avr5\libgcc.a(_usi_to_sf.o)
 .data          0x00800077        0x0 c:/winavr-20100110/bin/../lib/gcc/avr/4.3.3/avr5\libgcc.a(_prologue.o)
 .data          0x00800077        0x0 c:/winavr-20100110/bin/../lib/gcc/avr/4.3.3/avr5\libgcc.a(_epilogue.o)
 .data          0x00800077        0x0 c:/winavr-20100110/bin/../lib/gcc/avr/4.3.3/avr5\libgcc.a(_clzsi2.o)
 .data          0x00800077        0x0 c:/winavr-20100110/bin/../lib/gcc/avr/4.3.3/avr5\libgcc.a(_pack_sf.o)
 .data          0x00800077        0x0 c:/winavr-20100110/bin/../lib/gcc/avr/4.3.3/avr5\libgcc.a(_unpack_sf.o)
 .data          0x00800077        0x0 c:/winavr-20100110/bin/../lib/gcc/avr/4.3.3/avr5\libgcc.a(_fpcmp_parts_sf.o)
 .data          0x00800077      0x100 c:/winavr-20100110/bin/../lib/gcc/avr/4.3.3/avr5\libgcc.a(_clz.o)
                0x00800077                __clz_tab
 .data          0x00800177        0x0 c:/winavr-20100110/bin/../lib/gcc/avr/4.3.3/../../../../avr/lib/avr5\libc.a(strlen.o)
 .data          0x00800177        0x0 c:/winavr-20100110/bin/../lib/gcc/avr/4.3.3/../../../../avr/lib/avr5\libc.a(itoa.o)
 .data          0x00800177        0x0 c:/winavr-20100110/bin/../lib/gcc/avr/4.3.3/../../../../avr/lib/avr5\libc.a(strrev.o)
 *(.data*)
 *(.rodata)
 *(.rodata*)
 *(.gnu.linkonce.d*)
                0x00800178                . = ALIGN (0x2)
 *fill*         0x00800177        0x1 00
                0x00800178                _edata = .
                0x00800178                PROVIDE (__data_end, .)

.bss            0x00800178       0xfb
                0x00800178                PROVIDE (__bss_start, .)
 *(.bss)
 .bss           0x00800178        0x0 c:/winavr-20100110/bin/../lib/gcc/avr/4.3.3/../../../../avr/lib/avr5/crtm32.o
 .bss           0x00800178        0xd obj\Debug\main.o
                0x00800178                OBSTACLE
                0x0080017e                STOP
 .bss           0x00800185       0x12 obj\Debug\RP6Lib\RP6base\RP6RobotBaseLib.o
                0x00800185                mleft_des_dir
                0x00800189                drive_dir
                0x00800186                mright_des_dir
                0x00800188                mright_dir
                0x00800187                mleft_dir
 .bss           0x00800197        0x6 obj\Debug\RP6Lib\RP6common\RP6I2CslaveTWI.o
                0x00800199                I2CTWI_readBusy
                0x00800197                I2CTWI_dataWasRead
                0x0080019a                I2CTWI_writeBusy
                0x00800198                I2CTWI_dataReadFromReg
 .bss           0x0080019d        0x6 obj\Debug\RP6Lib\RP6common\RP6uart.o
                0x0080019f                read_size
                0x0080019e                write_pos
                0x008001a0                write_size
                0x0080019d                read_pos
 .bss           0x008001a3        0x0 c:/winavr-20100110/bin/../lib/gcc/avr/4.3.3/avr5\libgcc.a(_mulsi3.o)
 .bss           0x008001a3        0x0 c:/winavr-20100110/bin/../lib/gcc/avr/4.3.3/avr5\libgcc.a(_udivmodhi4.o)
 .bss           0x008001a3        0x0 c:/winavr-20100110/bin/../lib/gcc/avr/4.3.3/avr5\libgcc.a(_udivmodsi4.o)
 .bss           0x008001a3        0x0 c:/winavr-20100110/bin/../lib/gcc/avr/4.3.3/avr5\libgcc.a(_exit.o)
 .bss           0x008001a3        0x0 c:/winavr-20100110/bin/../lib/gcc/avr/4.3.3/avr5\libgcc.a(_copy_data.o)
 .bss           0x008001a3        0x0 c:/winavr-20100110/bin/../lib/gcc/avr/4.3.3/avr5\libgcc.a(_clear_bss.o)
 .bss           0x008001a3        0x0 c:/winavr-20100110/bin/../lib/gcc/avr/4.3.3/avr5\libgcc.a(_fixunssfsi.o)
 .bss           0x008001a3        0x0 c:/winavr-20100110/bin/../lib/gcc/avr/4.3.3/avr5\libgcc.a(_addsub_sf.o)
 .bss           0x008001a3        0x0 c:/winavr-20100110/bin/../lib/gcc/avr/4.3.3/avr5\libgcc.a(_div_sf.o)
 .bss           0x008001a3        0x0 c:/winavr-20100110/bin/../lib/gcc/avr/4.3.3/avr5\libgcc.a(_ge_sf.o)
 .bss           0x008001a3        0x0 c:/winavr-20100110/bin/../lib/gcc/avr/4.3.3/avr5\libgcc.a(_sf_to_si.o)
 .bss           0x008001a3        0x0 c:/winavr-20100110/bin/../lib/gcc/avr/4.3.3/avr5\libgcc.a(_thenan_sf.o)
 .bss           0x008001a3        0x0 c:/winavr-20100110/bin/../lib/gcc/avr/4.3.3/avr5\libgcc.a(_usi_to_sf.o)
 .bss           0x008001a3        0x0 c:/winavr-20100110/bin/../lib/gcc/avr/4.3.3/avr5\libgcc.a(_prologue.o)
 .bss           0x008001a3        0x0 c:/winavr-20100110/bin/../lib/gcc/avr/4.3.3/avr5\libgcc.a(_epilogue.o)
 .bss           0x008001a3        0x0 c:/winavr-20100110/bin/../lib/gcc/avr/4.3.3/avr5\libgcc.a(_clzsi2.o)
 .bss           0x008001a3        0x0 c:/winavr-20100110/bin/../lib/gcc/avr/4.3.3/avr5\libgcc.a(_pack_sf.o)
 .bss           0x008001a3        0x0 c:/winavr-20100110/bin/../lib/gcc/avr/4.3.3/avr5\libgcc.a(_unpack_sf.o)
 .bss           0x008001a3        0x0 c:/winavr-20100110/bin/../lib/gcc/avr/4.3.3/avr5\libgcc.a(_fpcmp_parts_sf.o)
 .bss           0x008001a3        0x0 c:/winavr-20100110/bin/../lib/gcc/avr/4.3.3/avr5\libgcc.a(_clz.o)
 .bss           0x008001a3        0x0 c:/winavr-20100110/bin/../lib/gcc/avr/4.3.3/../../../../avr/lib/avr5\libc.a(strlen.o)
 .bss           0x008001a3        0x0 c:/winavr-20100110/bin/../lib/gcc/avr/4.3.3/../../../../avr/lib/avr5\libc.a(itoa.o)
 .bss           0x008001a3        0x0 c:/winavr-20100110/bin/../lib/gcc/avr/4.3.3/../../../../avr/lib/avr5\libc.a(strrev.o)
 *(.bss*)
 *(COMMON)
 COMMON         0x008001a3        0x6 obj\Debug\main.o
                0x008001a3                timer
                0x008001a5                motion_status
                0x008001a6                state
                0x008001a8                statusLEDs
 COMMON         0x008001a9       0x67 obj\Debug\RP6Lib\RP6base\RP6RobotBaseLib.o
                0x008001a9                bumper_left
                0x008001aa                preStop_R
                0x008001ac                mright_des_speed
                0x008001ae                mleft_des_speed
                0x008001b0                mleft_des_speed_tmp
                0x008001b2                sysStatACS
                0x008001b3                ircomm_send
                0x008001b4                overcurrent_error_clear
                0x008001b5                distanceToMove_R
                0x008001b7                acs_pulse
                0x008001b8                left_i
                0x008001ba                IRCOMM_RC5_data
                0x008001bc                motor_control
                0x008001bd                leds_on
                0x008001be                mleft_power
                0x008001c0                mleft_speed
                0x008001c2                preDecelerate_R
                0x008001c4                mright_des_speed_tmp
                0x008001c6                adc1
                0x008001c8                adcLSL
                0x008001ca                acs_timer
                0x008001cc                preStop_L
                0x008001ce                mright_power
                0x008001d0                mright_counter
                0x008001d2                ircomm_data_tmp
                0x008001d4                distanceToMove_L
                0x008001d6                stopwatches
                0x008001e7                overcurrent_timeout
                0x008001e8                obstacle_left
                0x008001e9                overcurrent_errors
                0x008001ea                overcurrent_timer
                0x008001eb                mright_ptmp
                0x008001ec                ircomm_data
                0x008001ee                adcLSR
                0x008001f0                speed_adjust_timer
                0x008001f1                obstacle_right
                0x008001f2                speed_timer
                0x008001f3                right_i
                0x008001f5                bumper_timer
                0x008001f6                mright_dist
                0x008001f8                preDecelerate_L
                0x008001fa                mleft_counter
                0x008001fc                adc0
                0x008001fe                delay_timer
                0x008001ff                adcMotorCurrentRight
                0x00800201                ms_timer
                0x00800202                mright_speed
                0x00800204                mleft_dist
                0x00800206                bumper_right
                0x00800207                acs_event_counter
                0x00800208                motion_status_tmp
                0x00800209                adcBat
                0x0080020b                IRCOMM_RC5_data_ok
                0x0080020d                mleft_ptmp
                0x0080020e                adcMotorCurrentLeft
 COMMON         0x00800210       0x41 obj\Debug\RP6Lib\RP6common\RP6I2CslaveTWI.o
                0x00800210                I2CTWI_genCallCMD
                0x00800211                I2CTWI_writeRegisters
                0x00800221                I2CTWI_readRegisters
 COMMON         0x00800251       0x22 obj\Debug\RP6Lib\RP6common\RP6uart.o
                0x00800251                uart_status
                0x00800252                uart_receive_buffer
                0x00800273                PROVIDE (__bss_end, .)
                0x00003bf6                __data_load_start = LOADADDR (.data)
                0x00003d0e                __data_load_end = (__data_load_start + SIZEOF (.data))

.noinit         0x00800273        0x0
                0x00800273                PROVIDE (__noinit_start, .)
 *(.noinit*)
                0x00800273                PROVIDE (__noinit_end, .)
                0x00800273                _end = .
                0x00800273                PROVIDE (__heap_start, .)

.eeprom         0x00810000        0x0
 *(.eeprom*)
                0x00810000                __eeprom_end = .

.fuse
 *(.fuse)
 *(.lfuse)
 *(.hfuse)
 *(.efuse)

.lock
 *(.lock*)

.signature
 *(.signature*)

.stab
 *(.stab)

.stabstr
 *(.stabstr)

.stab.excl
 *(.stab.excl)

.stab.exclstr
 *(.stab.exclstr)

.stab.index
 *(.stab.index)

.stab.indexstr
 *(.stab.indexstr)

.comment
 *(.comment)

.debug
 *(.debug)

.line
 *(.line)

.debug_srcinfo
 *(.debug_srcinfo)

.debug_sfnames
 *(.debug_sfnames)

.debug_aranges  0x00000000      0x1c0
 *(.debug_aranges)
 .debug_aranges
                0x00000000       0x20 obj\Debug\main.o
 .debug_aranges
                0x00000020       0x20 obj\Debug\RP6Lib\RP6base\RP6RobotBaseLib.o
 .debug_aranges
                0x00000040       0x20 obj\Debug\RP6Lib\RP6common\RP6I2CslaveTWI.o
 .debug_aranges
                0x00000060       0x20 obj\Debug\RP6Lib\RP6common\RP6uart.o
 .debug_aranges
                0x00000080       0x20 c:/winavr-20100110/bin/../lib/gcc/avr/4.3.3/avr5\libgcc.a(_fixunssfsi.o)
 .debug_aranges
                0x000000a0       0x20 c:/winavr-20100110/bin/../lib/gcc/avr/4.3.3/avr5\libgcc.a(_addsub_sf.o)
 .debug_aranges
                0x000000c0       0x20 c:/winavr-20100110/bin/../lib/gcc/avr/4.3.3/avr5\libgcc.a(_div_sf.o)
 .debug_aranges
                0x000000e0       0x20 c:/winavr-20100110/bin/../lib/gcc/avr/4.3.3/avr5\libgcc.a(_ge_sf.o)
 .debug_aranges
                0x00000100       0x20 c:/winavr-20100110/bin/../lib/gcc/avr/4.3.3/avr5\libgcc.a(_sf_to_si.o)
 .debug_aranges
                0x00000120       0x20 c:/winavr-20100110/bin/../lib/gcc/avr/4.3.3/avr5\libgcc.a(_usi_to_sf.o)
 .debug_aranges
                0x00000140       0x20 c:/winavr-20100110/bin/../lib/gcc/avr/4.3.3/avr5\libgcc.a(_clzsi2.o)
 .debug_aranges
                0x00000160       0x20 c:/winavr-20100110/bin/../lib/gcc/avr/4.3.3/avr5\libgcc.a(_pack_sf.o)
 .debug_aranges
                0x00000180       0x20 c:/winavr-20100110/bin/../lib/gcc/avr/4.3.3/avr5\libgcc.a(_unpack_sf.o)
 .debug_aranges
                0x000001a0       0x20 c:/winavr-20100110/bin/../lib/gcc/avr/4.3.3/avr5\libgcc.a(_fpcmp_parts_sf.o)

.debug_pubnames
                0x00000000      0xc98
 *(.debug_pubnames)
 .debug_pubnames
                0x00000000       0xc5 obj\Debug\main.o
 .debug_pubnames
                0x000000c5      0x829 obj\Debug\RP6Lib\RP6base\RP6RobotBaseLib.o
 .debug_pubnames
                0x000008ee       0xdb obj\Debug\RP6Lib\RP6common\RP6I2CslaveTWI.o
 .debug_pubnames
                0x000009c9      0x138 obj\Debug\RP6Lib\RP6common\RP6uart.o
 .debug_pubnames
                0x00000b01       0x23 c:/winavr-20100110/bin/../lib/gcc/avr/4.3.3/avr5\libgcc.a(_fixunssfsi.o)
 .debug_pubnames
                0x00000b24       0x2c c:/winavr-20100110/bin/../lib/gcc/avr/4.3.3/avr5\libgcc.a(_addsub_sf.o)
 .debug_pubnames
                0x00000b50       0x1f c:/winavr-20100110/bin/../lib/gcc/avr/4.3.3/avr5\libgcc.a(_div_sf.o)
 .debug_pubnames
                0x00000b6f       0x1e c:/winavr-20100110/bin/../lib/gcc/avr/4.3.3/avr5\libgcc.a(_ge_sf.o)
 .debug_pubnames
                0x00000b8d       0x20 c:/winavr-20100110/bin/../lib/gcc/avr/4.3.3/avr5\libgcc.a(_sf_to_si.o)
 .debug_pubnames
                0x00000bad       0x22 c:/winavr-20100110/bin/../lib/gcc/avr/4.3.3/avr5\libgcc.a(_thenan_sf.o)
 .debug_pubnames
                0x00000bcf       0x24 c:/winavr-20100110/bin/../lib/gcc/avr/4.3.3/avr5\libgcc.a(_usi_to_sf.o)
 .debug_pubnames
                0x00000bf3       0x1f c:/winavr-20100110/bin/../lib/gcc/avr/4.3.3/avr5\libgcc.a(_clzsi2.o)
 .debug_pubnames
                0x00000c12       0x1f c:/winavr-20100110/bin/../lib/gcc/avr/4.3.3/avr5\libgcc.a(_pack_sf.o)
 .debug_pubnames
                0x00000c31       0x21 c:/winavr-20100110/bin/../lib/gcc/avr/4.3.3/avr5\libgcc.a(_unpack_sf.o)
 .debug_pubnames
                0x00000c52       0x26 c:/winavr-20100110/bin/../lib/gcc/avr/4.3.3/avr5\libgcc.a(_fpcmp_parts_sf.o)
 .debug_pubnames
                0x00000c78       0x20 c:/winavr-20100110/bin/../lib/gcc/avr/4.3.3/avr5\libgcc.a(_clz.o)

.debug_info     0x00000000     0x36a6
 *(.debug_info)
 .debug_info    0x00000000      0x3d6 obj\Debug\main.o
 .debug_info    0x000003d6     0x1336 obj\Debug\RP6Lib\RP6base\RP6RobotBaseLib.o
 .debug_info    0x0000170c      0x176 obj\Debug\RP6Lib\RP6common\RP6I2CslaveTWI.o
 .debug_info    0x00001882      0x39c obj\Debug\RP6Lib\RP6common\RP6uart.o
 .debug_info    0x00001c1e       0xb1 c:/winavr-20100110/bin/../lib/gcc/avr/4.3.3/avr5\libgcc.a(_fixunssfsi.o)
 .debug_info    0x00001ccf      0x47a c:/winavr-20100110/bin/../lib/gcc/avr/4.3.3/avr5\libgcc.a(_addsub_sf.o)
 .debug_info    0x00002149      0x3fc c:/winavr-20100110/bin/../lib/gcc/avr/4.3.3/avr5\libgcc.a(_div_sf.o)
 .debug_info    0x00002545      0x27f c:/winavr-20100110/bin/../lib/gcc/avr/4.3.3/avr5\libgcc.a(_ge_sf.o)
 .debug_info    0x000027c4      0x2b0 c:/winavr-20100110/bin/../lib/gcc/avr/4.3.3/avr5\libgcc.a(_sf_to_si.o)
 .debug_info    0x00002a74      0x12c c:/winavr-20100110/bin/../lib/gcc/avr/4.3.3/avr5\libgcc.a(_thenan_sf.o)
 .debug_info    0x00002ba0      0x206 c:/winavr-20100110/bin/../lib/gcc/avr/4.3.3/avr5\libgcc.a(_usi_to_sf.o)
 .debug_info    0x00002da6      0x117 c:/winavr-20100110/bin/../lib/gcc/avr/4.3.3/avr5\libgcc.a(_clzsi2.o)
 .debug_info    0x00002ebd      0x2df c:/winavr-20100110/bin/../lib/gcc/avr/4.3.3/avr5\libgcc.a(_pack_sf.o)
 .debug_info    0x0000319c      0x251 c:/winavr-20100110/bin/../lib/gcc/avr/4.3.3/avr5\libgcc.a(_unpack_sf.o)
 .debug_info    0x000033ed      0x210 c:/winavr-20100110/bin/../lib/gcc/avr/4.3.3/avr5\libgcc.a(_fpcmp_parts_sf.o)
 .debug_info    0x000035fd       0xa9 c:/winavr-20100110/bin/../lib/gcc/avr/4.3.3/avr5\libgcc.a(_clz.o)
 *(.gnu.linkonce.wi.*)

.debug_abbrev   0x00000000     0x14a2
 *(.debug_abbrev)
 .debug_abbrev  0x00000000      0x163 obj\Debug\main.o
 .debug_abbrev  0x00000163      0x279 obj\Debug\RP6Lib\RP6base\RP6RobotBaseLib.o
 .debug_abbrev  0x000003dc       0x9f obj\Debug\RP6Lib\RP6common\RP6I2CslaveTWI.o
 .debug_abbrev  0x0000047b      0x170 obj\Debug\RP6Lib\RP6common\RP6uart.o
 .debug_abbrev  0x000005eb       0x5d c:/winavr-20100110/bin/../lib/gcc/avr/4.3.3/avr5\libgcc.a(_fixunssfsi.o)
 .debug_abbrev  0x00000648      0x1ea c:/winavr-20100110/bin/../lib/gcc/avr/4.3.3/avr5\libgcc.a(_addsub_sf.o)
 .debug_abbrev  0x00000832      0x216 c:/winavr-20100110/bin/../lib/gcc/avr/4.3.3/avr5\libgcc.a(_div_sf.o)
 .debug_abbrev  0x00000a48      0x15a c:/winavr-20100110/bin/../lib/gcc/avr/4.3.3/avr5\libgcc.a(_ge_sf.o)
 .debug_abbrev  0x00000ba2      0x17f c:/winavr-20100110/bin/../lib/gcc/avr/4.3.3/avr5\libgcc.a(_sf_to_si.o)
 .debug_abbrev  0x00000d21       0xad c:/winavr-20100110/bin/../lib/gcc/avr/4.3.3/avr5\libgcc.a(_thenan_sf.o)
 .debug_abbrev  0x00000dce      0x157 c:/winavr-20100110/bin/../lib/gcc/avr/4.3.3/avr5\libgcc.a(_usi_to_sf.o)
 .debug_abbrev  0x00000f25       0xc4 c:/winavr-20100110/bin/../lib/gcc/avr/4.3.3/avr5\libgcc.a(_clzsi2.o)
 .debug_abbrev  0x00000fe9      0x1c0 c:/winavr-20100110/bin/../lib/gcc/avr/4.3.3/avr5\libgcc.a(_pack_sf.o)
 .debug_abbrev  0x000011a9      0x154 c:/winavr-20100110/bin/../lib/gcc/avr/4.3.3/avr5\libgcc.a(_unpack_sf.o)
 .debug_abbrev  0x000012fd      0x13b c:/winavr-20100110/bin/../lib/gcc/avr/4.3.3/avr5\libgcc.a(_fpcmp_parts_sf.o)
 .debug_abbrev  0x00001438       0x6a c:/winavr-20100110/bin/../lib/gcc/avr/4.3.3/avr5\libgcc.a(_clz.o)

.debug_line     0x00000000     0x2c1e
 *(.debug_line)
 .debug_line    0x00000000      0x3bd obj\Debug\main.o
 .debug_line    0x000003bd     0x15d1 obj\Debug\RP6Lib\RP6base\RP6RobotBaseLib.o
 .debug_line    0x0000198e      0x1d4 obj\Debug\RP6Lib\RP6common\RP6I2CslaveTWI.o
 .debug_line    0x00001b62      0x2c5 obj\Debug\RP6Lib\RP6common\RP6uart.o
 .debug_line    0x00001e27       0xa7 c:/winavr-20100110/bin/../lib/gcc/avr/4.3.3/avr5\libgcc.a(_fixunssfsi.o)
 .debug_line    0x00001ece      0x2af c:/winavr-20100110/bin/../lib/gcc/avr/4.3.3/avr5\libgcc.a(_addsub_sf.o)
 .debug_line    0x0000217d      0x1d5 c:/winavr-20100110/bin/../lib/gcc/avr/4.3.3/avr5\libgcc.a(_div_sf.o)
 .debug_line    0x00002352       0xd3 c:/winavr-20100110/bin/../lib/gcc/avr/4.3.3/avr5\libgcc.a(_ge_sf.o)
 .debug_line    0x00002425      0x109 c:/winavr-20100110/bin/../lib/gcc/avr/4.3.3/avr5\libgcc.a(_sf_to_si.o)
 .debug_line    0x0000252e       0x90 c:/winavr-20100110/bin/../lib/gcc/avr/4.3.3/avr5\libgcc.a(_thenan_sf.o)
 .debug_line    0x000025be      0x133 c:/winavr-20100110/bin/../lib/gcc/avr/4.3.3/avr5\libgcc.a(_usi_to_sf.o)
 .debug_line    0x000026f1       0xa5 c:/winavr-20100110/bin/../lib/gcc/avr/4.3.3/avr5\libgcc.a(_clzsi2.o)
 .debug_line    0x00002796      0x18a c:/winavr-20100110/bin/../lib/gcc/avr/4.3.3/avr5\libgcc.a(_pack_sf.o)
 .debug_line    0x00002920      0x14b c:/winavr-20100110/bin/../lib/gcc/avr/4.3.3/avr5\libgcc.a(_unpack_sf.o)
 .debug_line    0x00002a6b      0x137 c:/winavr-20100110/bin/../lib/gcc/avr/4.3.3/avr5\libgcc.a(_fpcmp_parts_sf.o)
 .debug_line    0x00002ba2       0x7c c:/winavr-20100110/bin/../lib/gcc/avr/4.3.3/avr5\libgcc.a(_clz.o)

.debug_frame    0x00000000      0x600
 *(.debug_frame)
 .debug_frame   0x00000000       0x70 obj\Debug\main.o
 .debug_frame   0x00000070      0x340 obj\Debug\RP6Lib\RP6base\RP6RobotBaseLib.o
 .debug_frame   0x000003b0       0x30 obj\Debug\RP6Lib\RP6common\RP6I2CslaveTWI.o
 .debug_frame   0x000003e0       0xc0 obj\Debug\RP6Lib\RP6common\RP6uart.o
 .debug_frame   0x000004a0       0x20 c:/winavr-20100110/bin/../lib/gcc/avr/4.3.3/avr5\libgcc.a(_fixunssfsi.o)
 .debug_frame   0x000004c0       0x40 c:/winavr-20100110/bin/../lib/gcc/avr/4.3.3/avr5\libgcc.a(_addsub_sf.o)
 .debug_frame   0x00000500       0x20 c:/winavr-20100110/bin/../lib/gcc/avr/4.3.3/avr5\libgcc.a(_div_sf.o)
 .debug_frame   0x00000520       0x20 c:/winavr-20100110/bin/../lib/gcc/avr/4.3.3/avr5\libgcc.a(_ge_sf.o)
 .debug_frame   0x00000540       0x20 c:/winavr-20100110/bin/../lib/gcc/avr/4.3.3/avr5\libgcc.a(_sf_to_si.o)
 .debug_frame   0x00000560       0x20 c:/winavr-20100110/bin/../lib/gcc/avr/4.3.3/avr5\libgcc.a(_usi_to_sf.o)
 .debug_frame   0x00000580       0x20 c:/winavr-20100110/bin/../lib/gcc/avr/4.3.3/avr5\libgcc.a(_clzsi2.o)
 .debug_frame   0x000005a0       0x20 c:/winavr-20100110/bin/../lib/gcc/avr/4.3.3/avr5\libgcc.a(_pack_sf.o)
 .debug_frame   0x000005c0       0x20 c:/winavr-20100110/bin/../lib/gcc/avr/4.3.3/avr5\libgcc.a(_unpack_sf.o)
 .debug_frame   0x000005e0       0x20 c:/winavr-20100110/bin/../lib/gcc/avr/4.3.3/avr5\libgcc.a(_fpcmp_parts_sf.o)

.debug_str      0x00000000      0xf8d
 *(.debug_str)
 .debug_str     0x00000000      0x252 obj\Debug\main.o
                                0x2a9 (size before relaxing)
 .debug_str     0x00000252      0x892 obj\Debug\RP6Lib\RP6base\RP6RobotBaseLib.o
                                0xa9a (size before relaxing)
 .debug_str     0x00000ae4       0xea obj\Debug\RP6Lib\RP6common\RP6I2CslaveTWI.o
                                0x1e3 (size before relaxing)
 .debug_str     0x00000bce      0x145 obj\Debug\RP6Lib\RP6common\RP6uart.o
                                0x269 (size before relaxing)
 .debug_str     0x00000d13       0x80 c:/winavr-20100110/bin/../lib/gcc/avr/4.3.3/avr5\libgcc.a(_fixunssfsi.o)
                                 0xfe (size before relaxing)
 .debug_str     0x00000d93      0x147 c:/winavr-20100110/bin/../lib/gcc/avr/4.3.3/avr5\libgcc.a(_addsub_sf.o)
                                0x206 (size before relaxing)
 .debug_str     0x00000eda       0x35 c:/winavr-20100110/bin/../lib/gcc/avr/4.3.3/avr5\libgcc.a(_div_sf.o)
                                0x1c8 (size before relaxing)
 .debug_str     0x00000f0f        0x8 c:/winavr-20100110/bin/../lib/gcc/avr/4.3.3/avr5\libgcc.a(_ge_sf.o)
                                0x195 (size before relaxing)
 .debug_str     0x00000f17        0xa c:/winavr-20100110/bin/../lib/gcc/avr/4.3.3/avr5\libgcc.a(_sf_to_si.o)
                                0x19e (size before relaxing)
 .debug_str     0x00000000      0x103 c:/winavr-20100110/bin/../lib/gcc/avr/4.3.3/avr5\libgcc.a(_thenan_sf.o)
 .debug_str     0x00000f21       0x21 c:/winavr-20100110/bin/../lib/gcc/avr/4.3.3/avr5\libgcc.a(_usi_to_sf.o)
                                0x177 (size before relaxing)
 .debug_str     0x00000f42       0x20 c:/winavr-20100110/bin/../lib/gcc/avr/4.3.3/avr5\libgcc.a(_clzsi2.o)
                                0x111 (size before relaxing)
 .debug_str     0x00000f62       0x10 c:/winavr-20100110/bin/../lib/gcc/avr/4.3.3/avr5\libgcc.a(_pack_sf.o)
                                0x19d (size before relaxing)
 .debug_str     0x00000f72        0xb c:/winavr-20100110/bin/../lib/gcc/avr/4.3.3/avr5\libgcc.a(_unpack_sf.o)
                                0x17f (size before relaxing)
 .debug_str     0x00000f7d       0x10 c:/winavr-20100110/bin/../lib/gcc/avr/4.3.3/avr5\libgcc.a(_fpcmp_parts_sf.o)
                                0x163 (size before relaxing)
 .debug_str     0x00000000       0xf4 c:/winavr-20100110/bin/../lib/gcc/avr/4.3.3/avr5\libgcc.a(_clz.o)

.debug_loc      0x00000000      0x7f2
 *(.debug_loc)
 .debug_loc     0x00000000       0x34 c:/winavr-20100110/bin/../lib/gcc/avr/4.3.3/avr5\libgcc.a(_fixunssfsi.o)
 .debug_loc     0x00000034      0x32a c:/winavr-20100110/bin/../lib/gcc/avr/4.3.3/avr5\libgcc.a(_addsub_sf.o)
 .debug_loc     0x0000035e       0xc0 c:/winavr-20100110/bin/../lib/gcc/avr/4.3.3/avr5\libgcc.a(_div_sf.o)
 .debug_loc     0x0000041e       0x3c c:/winavr-20100110/bin/../lib/gcc/avr/4.3.3/avr5\libgcc.a(_ge_sf.o)
 .debug_loc     0x0000045a       0x7e c:/winavr-20100110/bin/../lib/gcc/avr/4.3.3/avr5\libgcc.a(_sf_to_si.o)
 .debug_loc     0x000004d8       0x4c c:/winavr-20100110/bin/../lib/gcc/avr/4.3.3/avr5\libgcc.a(_usi_to_sf.o)
 .debug_loc     0x00000524       0x94 c:/winavr-20100110/bin/../lib/gcc/avr/4.3.3/avr5\libgcc.a(_clzsi2.o)
 .debug_loc     0x000005b8      0x13e c:/winavr-20100110/bin/../lib/gcc/avr/4.3.3/avr5\libgcc.a(_pack_sf.o)
 .debug_loc     0x000006f6       0xac c:/winavr-20100110/bin/../lib/gcc/avr/4.3.3/avr5\libgcc.a(_unpack_sf.o)
 .debug_loc     0x000007a2       0x50 c:/winavr-20100110/bin/../lib/gcc/avr/4.3.3/avr5\libgcc.a(_fpcmp_parts_sf.o)

.debug_macinfo
 *(.debug_macinfo)
OUTPUT(bin\Debug\RP6.elf elf32-avr)
LOAD linker stubs

Cross Reference Table

Symbol                                            File
ACS_setStateChangedHandler                        obj\Debug\RP6Lib\RP6base\RP6RobotBaseLib.o
ACS_stateChanged_DUMMY                            obj\Debug\RP6Lib\RP6base\RP6RobotBaseLib.o
BUMPERS_setStateChangedHandler                    obj\Debug\RP6Lib\RP6base\RP6RobotBaseLib.o
                                                  obj\Debug\main.o
BUMPERS_stateChanged_DUMMY                        obj\Debug\RP6Lib\RP6base\RP6RobotBaseLib.o
DRIVE                                             obj\Debug\main.o
I2CTWI_dataReadFromReg                            obj\Debug\RP6Lib\RP6common\RP6I2CslaveTWI.o
I2CTWI_dataWasRead                                obj\Debug\RP6Lib\RP6common\RP6I2CslaveTWI.o
I2CTWI_genCallCMD                                 obj\Debug\RP6Lib\RP6common\RP6I2CslaveTWI.o
I2CTWI_initSlave                                  obj\Debug\RP6Lib\RP6common\RP6I2CslaveTWI.o
I2CTWI_readBusy                                   obj\Debug\RP6Lib\RP6common\RP6I2CslaveTWI.o
I2CTWI_readRegisters                              obj\Debug\RP6Lib\RP6common\RP6I2CslaveTWI.o
I2CTWI_writeBusy                                  obj\Debug\RP6Lib\RP6common\RP6I2CslaveTWI.o
I2CTWI_writeRegisters                             obj\Debug\RP6Lib\RP6common\RP6I2CslaveTWI.o
IRCOMM_RC5_data                                   obj\Debug\RP6Lib\RP6base\RP6RobotBaseLib.o
IRCOMM_RC5_data_ok                                obj\Debug\RP6Lib\RP6base\RP6RobotBaseLib.o
IRCOMM_RC5dataReady_DUMMY                         obj\Debug\RP6Lib\RP6base\RP6RobotBaseLib.o
IRCOMM_sendRC5                                    obj\Debug\RP6Lib\RP6base\RP6RobotBaseLib.o
IRCOMM_setRC5DataReadyHandler                     obj\Debug\RP6Lib\RP6base\RP6RobotBaseLib.o
MOTIONCONTROL_setStateChangedHandler              obj\Debug\RP6Lib\RP6base\RP6RobotBaseLib.o
MOTIONCONTROL_stateChanged_DUMMY                  obj\Debug\RP6Lib\RP6base\RP6RobotBaseLib.o
OBSTACLE                                          obj\Debug\main.o
STOP                                              obj\Debug\main.o
__addsf3                                          c:/winavr-20100110/bin/../lib/gcc/avr/4.3.3/avr5\libgcc.a(_addsub_sf.o)
__bad_interrupt                                   c:/winavr-20100110/bin/../lib/gcc/avr/4.3.3/../../../../avr/lib/avr5/crtm32.o
__bss_end                                         c:/winavr-20100110/bin/../lib/gcc/avr/4.3.3/avr5\libgcc.a(_clear_bss.o)
__bss_start                                       c:/winavr-20100110/bin/../lib/gcc/avr/4.3.3/avr5\libgcc.a(_clear_bss.o)
__clz_tab                                         c:/winavr-20100110/bin/../lib/gcc/avr/4.3.3/avr5\libgcc.a(_clz.o)
                                                  c:/winavr-20100110/bin/../lib/gcc/avr/4.3.3/avr5\libgcc.a(_clzsi2.o)
__clzsi2                                          c:/winavr-20100110/bin/../lib/gcc/avr/4.3.3/avr5\libgcc.a(_clzsi2.o)
                                                  c:/winavr-20100110/bin/../lib/gcc/avr/4.3.3/avr5\libgcc.a(_usi_to_sf.o)
__data_end                                        c:/winavr-20100110/bin/../lib/gcc/avr/4.3.3/avr5\libgcc.a(_copy_data.o)
__data_load_start                                 c:/winavr-20100110/bin/../lib/gcc/avr/4.3.3/avr5\libgcc.a(_copy_data.o)
__data_start                                      c:/winavr-20100110/bin/../lib/gcc/avr/4.3.3/avr5\libgcc.a(_copy_data.o)
__divsf3                                          c:/winavr-20100110/bin/../lib/gcc/avr/4.3.3/avr5\libgcc.a(_div_sf.o)
                                                  obj\Debug\main.o
__do_clear_bss                                    c:/winavr-20100110/bin/../lib/gcc/avr/4.3.3/avr5\libgcc.a(_clear_bss.o)
                                                  obj\Debug\RP6Lib\RP6common\RP6uart.o
                                                  obj\Debug\RP6Lib\RP6common\RP6I2CslaveTWI.o
                                                  obj\Debug\RP6Lib\RP6base\RP6RobotBaseLib.o
                                                  obj\Debug\main.o
__do_copy_data                                    c:/winavr-20100110/bin/../lib/gcc/avr/4.3.3/avr5\libgcc.a(_copy_data.o)
                                                  c:/winavr-20100110/bin/../lib/gcc/avr/4.3.3/avr5\libgcc.a(_clz.o)
                                                  c:/winavr-20100110/bin/../lib/gcc/avr/4.3.3/avr5\libgcc.a(_thenan_sf.o)
                                                  obj\Debug\RP6Lib\RP6base\RP6RobotBaseLib.o
                                                  obj\Debug\main.o
__epilogue_restores__                             c:/winavr-20100110/bin/../lib/gcc/avr/4.3.3/avr5\libgcc.a(_epilogue.o)
                                                  c:/winavr-20100110/bin/../lib/gcc/avr/4.3.3/avr5\libgcc.a(_usi_to_sf.o)
                                                  c:/winavr-20100110/bin/../lib/gcc/avr/4.3.3/avr5\libgcc.a(_sf_to_si.o)
                                                  c:/winavr-20100110/bin/../lib/gcc/avr/4.3.3/avr5\libgcc.a(_ge_sf.o)
                                                  c:/winavr-20100110/bin/../lib/gcc/avr/4.3.3/avr5\libgcc.a(_div_sf.o)
                                                  c:/winavr-20100110/bin/../lib/gcc/avr/4.3.3/avr5\libgcc.a(_addsub_sf.o)
__fixsfsi                                         c:/winavr-20100110/bin/../lib/gcc/avr/4.3.3/avr5\libgcc.a(_sf_to_si.o)
                                                  c:/winavr-20100110/bin/../lib/gcc/avr/4.3.3/avr5\libgcc.a(_fixunssfsi.o)
__fixunssfsi                                      c:/winavr-20100110/bin/../lib/gcc/avr/4.3.3/avr5\libgcc.a(_fixunssfsi.o)
                                                  obj\Debug\main.o
__floatunsisf                                     c:/winavr-20100110/bin/../lib/gcc/avr/4.3.3/avr5\libgcc.a(_usi_to_sf.o)
                                                  obj\Debug\main.o
__fpcmp_parts_f                                   c:/winavr-20100110/bin/../lib/gcc/avr/4.3.3/avr5\libgcc.a(_fpcmp_parts_sf.o)
                                                  c:/winavr-20100110/bin/../lib/gcc/avr/4.3.3/avr5\libgcc.a(_ge_sf.o)
__gesf2                                           c:/winavr-20100110/bin/../lib/gcc/avr/4.3.3/avr5\libgcc.a(_ge_sf.o)
                                                  c:/winavr-20100110/bin/../lib/gcc/avr/4.3.3/avr5\libgcc.a(_fixunssfsi.o)
__heap_end                                        c:/winavr-20100110/bin/../lib/gcc/avr/4.3.3/../../../../avr/lib/avr5/crtm32.o
__init                                            c:/winavr-20100110/bin/../lib/gcc/avr/4.3.3/../../../../avr/lib/avr5/crtm32.o
__mulsi3                                          c:/winavr-20100110/bin/../lib/gcc/avr/4.3.3/avr5\libgcc.a(_mulsi3.o)
                                                  obj\Debug\RP6Lib\RP6base\RP6RobotBaseLib.o
__pack_f                                          c:/winavr-20100110/bin/../lib/gcc/avr/4.3.3/avr5\libgcc.a(_pack_sf.o)
                                                  c:/winavr-20100110/bin/../lib/gcc/avr/4.3.3/avr5\libgcc.a(_usi_to_sf.o)
                                                  c:/winavr-20100110/bin/../lib/gcc/avr/4.3.3/avr5\libgcc.a(_div_sf.o)
                                                  c:/winavr-20100110/bin/../lib/gcc/avr/4.3.3/avr5\libgcc.a(_addsub_sf.o)
__prologue_saves__                                c:/winavr-20100110/bin/../lib/gcc/avr/4.3.3/avr5\libgcc.a(_prologue.o)
                                                  c:/winavr-20100110/bin/../lib/gcc/avr/4.3.3/avr5\libgcc.a(_usi_to_sf.o)
                                                  c:/winavr-20100110/bin/../lib/gcc/avr/4.3.3/avr5\libgcc.a(_sf_to_si.o)
                                                  c:/winavr-20100110/bin/../lib/gcc/avr/4.3.3/avr5\libgcc.a(_ge_sf.o)
                                                  c:/winavr-20100110/bin/../lib/gcc/avr/4.3.3/avr5\libgcc.a(_div_sf.o)
                                                  c:/winavr-20100110/bin/../lib/gcc/avr/4.3.3/avr5\libgcc.a(_addsub_sf.o)
__stack                                           c:/winavr-20100110/bin/../lib/gcc/avr/4.3.3/../../../../avr/lib/avr5/crtm32.o
__subsf3                                          c:/winavr-20100110/bin/../lib/gcc/avr/4.3.3/avr5\libgcc.a(_addsub_sf.o)
                                                  c:/winavr-20100110/bin/../lib/gcc/avr/4.3.3/avr5\libgcc.a(_fixunssfsi.o)
__thenan_sf                                       c:/winavr-20100110/bin/../lib/gcc/avr/4.3.3/avr5\libgcc.a(_thenan_sf.o)
                                                  c:/winavr-20100110/bin/../lib/gcc/avr/4.3.3/avr5\libgcc.a(_div_sf.o)
                                                  c:/winavr-20100110/bin/../lib/gcc/avr/4.3.3/avr5\libgcc.a(_addsub_sf.o)
__udivmodhi4                                      c:/winavr-20100110/bin/../lib/gcc/avr/4.3.3/avr5\libgcc.a(_udivmodhi4.o)
                                                  c:/winavr-20100110/bin/../lib/gcc/avr/4.3.3/../../../../avr/lib/avr5\libc.a(itoa.o)
                                                  obj\Debug\RP6Lib\RP6base\RP6RobotBaseLib.o
__udivmodsi4                                      c:/winavr-20100110/bin/../lib/gcc/avr/4.3.3/avr5\libgcc.a(_udivmodsi4.o)
                                                  obj\Debug\RP6Lib\RP6base\RP6RobotBaseLib.o
__unpack_f                                        c:/winavr-20100110/bin/../lib/gcc/avr/4.3.3/avr5\libgcc.a(_unpack_sf.o)
                                                  c:/winavr-20100110/bin/../lib/gcc/avr/4.3.3/avr5\libgcc.a(_sf_to_si.o)
                                                  c:/winavr-20100110/bin/../lib/gcc/avr/4.3.3/avr5\libgcc.a(_ge_sf.o)
                                                  c:/winavr-20100110/bin/../lib/gcc/avr/4.3.3/avr5\libgcc.a(_div_sf.o)
                                                  c:/winavr-20100110/bin/../lib/gcc/avr/4.3.3/avr5\libgcc.a(_addsub_sf.o)
__vector_1                                        obj\Debug\RP6Lib\RP6base\RP6RobotBaseLib.o
                                                  c:/winavr-20100110/bin/../lib/gcc/avr/4.3.3/../../../../avr/lib/avr5/crtm32.o
__vector_10                                       obj\Debug\RP6Lib\RP6base\RP6RobotBaseLib.o
                                                  c:/winavr-20100110/bin/../lib/gcc/avr/4.3.3/../../../../avr/lib/avr5/crtm32.o
__vector_11                                       c:/winavr-20100110/bin/../lib/gcc/avr/4.3.3/../../../../avr/lib/avr5/crtm32.o
__vector_12                                       c:/winavr-20100110/bin/../lib/gcc/avr/4.3.3/../../../../avr/lib/avr5/crtm32.o
__vector_13                                       obj\Debug\RP6Lib\RP6common\RP6uart.o
                                                  c:/winavr-20100110/bin/../lib/gcc/avr/4.3.3/../../../../avr/lib/avr5/crtm32.o
__vector_14                                       c:/winavr-20100110/bin/../lib/gcc/avr/4.3.3/../../../../avr/lib/avr5/crtm32.o
__vector_15                                       c:/winavr-20100110/bin/../lib/gcc/avr/4.3.3/../../../../avr/lib/avr5/crtm32.o
__vector_16                                       c:/winavr-20100110/bin/../lib/gcc/avr/4.3.3/../../../../avr/lib/avr5/crtm32.o
__vector_17                                       c:/winavr-20100110/bin/../lib/gcc/avr/4.3.3/../../../../avr/lib/avr5/crtm32.o
__vector_18                                       c:/winavr-20100110/bin/../lib/gcc/avr/4.3.3/../../../../avr/lib/avr5/crtm32.o
__vector_19                                       obj\Debug\RP6Lib\RP6common\RP6I2CslaveTWI.o
                                                  c:/winavr-20100110/bin/../lib/gcc/avr/4.3.3/../../../../avr/lib/avr5/crtm32.o
__vector_2                                        obj\Debug\RP6Lib\RP6base\RP6RobotBaseLib.o
                                                  c:/winavr-20100110/bin/../lib/gcc/avr/4.3.3/../../../../avr/lib/avr5/crtm32.o
__vector_20                                       c:/winavr-20100110/bin/../lib/gcc/avr/4.3.3/../../../../avr/lib/avr5/crtm32.o
__vector_3                                        obj\Debug\RP6Lib\RP6base\RP6RobotBaseLib.o
                                                  c:/winavr-20100110/bin/../lib/gcc/avr/4.3.3/../../../../avr/lib/avr5/crtm32.o
__vector_4                                        obj\Debug\RP6Lib\RP6base\RP6RobotBaseLib.o
                                                  c:/winavr-20100110/bin/../lib/gcc/avr/4.3.3/../../../../avr/lib/avr5/crtm32.o
__vector_5                                        c:/winavr-20100110/bin/../lib/gcc/avr/4.3.3/../../../../avr/lib/avr5/crtm32.o
__vector_6                                        c:/winavr-20100110/bin/../lib/gcc/avr/4.3.3/../../../../avr/lib/avr5/crtm32.o
__vector_7                                        c:/winavr-20100110/bin/../lib/gcc/avr/4.3.3/../../../../avr/lib/avr5/crtm32.o
__vector_8                                        c:/winavr-20100110/bin/../lib/gcc/avr/4.3.3/../../../../avr/lib/avr5/crtm32.o
__vector_9                                        c:/winavr-20100110/bin/../lib/gcc/avr/4.3.3/../../../../avr/lib/avr5/crtm32.o
__vector_default                                  c:/winavr-20100110/bin/../lib/gcc/avr/4.3.3/../../../../avr/lib/avr5/crtm32.o
__vectors                                         c:/winavr-20100110/bin/../lib/gcc/avr/4.3.3/../../../../avr/lib/avr5/crtm32.o
_exit                                             c:/winavr-20100110/bin/../lib/gcc/avr/4.3.3/avr5\libgcc.a(_exit.o)
acs_event_counter                                 obj\Debug\RP6Lib\RP6base\RP6RobotBaseLib.o
acs_pulse                                         obj\Debug\RP6Lib\RP6base\RP6RobotBaseLib.o
acs_state                                         obj\Debug\RP6Lib\RP6base\RP6RobotBaseLib.o
acs_timer                                         obj\Debug\RP6Lib\RP6base\RP6RobotBaseLib.o
adc0                                              obj\Debug\RP6Lib\RP6base\RP6RobotBaseLib.o
adc1                                              obj\Debug\RP6Lib\RP6base\RP6RobotBaseLib.o
adcBat                                            obj\Debug\RP6Lib\RP6base\RP6RobotBaseLib.o
adcLSL                                            obj\Debug\RP6Lib\RP6base\RP6RobotBaseLib.o
adcLSR                                            obj\Debug\RP6Lib\RP6base\RP6RobotBaseLib.o
adcMotorCurrentLeft                               obj\Debug\RP6Lib\RP6base\RP6RobotBaseLib.o
adcMotorCurrentRight                              obj\Debug\RP6Lib\RP6base\RP6RobotBaseLib.o
bumper_left                                       obj\Debug\RP6Lib\RP6base\RP6RobotBaseLib.o
                                                  obj\Debug\main.o
bumper_right                                      obj\Debug\RP6Lib\RP6base\RP6RobotBaseLib.o
                                                  obj\Debug\main.o
bumper_timer                                      obj\Debug\RP6Lib\RP6base\RP6RobotBaseLib.o
bumpersStateChanged                               obj\Debug\main.o
changeDirection                                   obj\Debug\RP6Lib\RP6base\RP6RobotBaseLib.o
                                                  obj\Debug\main.o
clearReceptionBuffer                              obj\Debug\RP6Lib\RP6common\RP6uart.o
delayCycles                                       obj\Debug\RP6Lib\RP6base\RP6RobotBaseLib.o
delay_timer                                       obj\Debug\RP6Lib\RP6base\RP6RobotBaseLib.o
disableACS                                        obj\Debug\RP6Lib\RP6base\RP6RobotBaseLib.o
disablePowerOnWarning                             obj\Debug\RP6Lib\RP6base\RP6RobotBaseLib.o
distanceToMove_L                                  obj\Debug\RP6Lib\RP6base\RP6RobotBaseLib.o
distanceToMove_R                                  obj\Debug\RP6Lib\RP6base\RP6RobotBaseLib.o
driveCMD                                          obj\Debug\main.o
drive_dir                                         obj\Debug\RP6Lib\RP6base\RP6RobotBaseLib.o
emergencyShutdown                                 obj\Debug\RP6Lib\RP6base\RP6RobotBaseLib.o
enableACS                                         obj\Debug\RP6Lib\RP6base\RP6RobotBaseLib.o
enablePowerOnWarning                              obj\Debug\RP6Lib\RP6base\RP6RobotBaseLib.o
exit                                              c:/winavr-20100110/bin/../lib/gcc/avr/4.3.3/avr5\libgcc.a(_exit.o)
                                                  c:/winavr-20100110/bin/../lib/gcc/avr/4.3.3/../../../../avr/lib/avr5/crtm32.o
extIntOFF                                         obj\Debug\RP6Lib\RP6base\RP6RobotBaseLib.o
extIntON                                          obj\Debug\RP6Lib\RP6base\RP6RobotBaseLib.o
getBufferLength                                   obj\Debug\RP6Lib\RP6common\RP6uart.o
getBumperLeft                                     obj\Debug\RP6Lib\RP6base\RP6RobotBaseLib.o
getBumperRight                                    obj\Debug\RP6Lib\RP6base\RP6RobotBaseLib.o
initRobotBase                                     obj\Debug\RP6Lib\RP6base\RP6RobotBaseLib.o
                                                  obj\Debug\main.o
ircomm_data                                       obj\Debug\RP6Lib\RP6base\RP6RobotBaseLib.o
ircomm_data_tmp                                   obj\Debug\RP6Lib\RP6base\RP6RobotBaseLib.o
ircomm_send                                       obj\Debug\RP6Lib\RP6base\RP6RobotBaseLib.o
isMovementComplete                                obj\Debug\RP6Lib\RP6base\RP6RobotBaseLib.o
                                                  obj\Debug\main.o
itoa                                              c:/winavr-20100110/bin/../lib/gcc/avr/4.3.3/../../../../avr/lib/avr5\libc.a(itoa.o)
                                                  obj\Debug\RP6Lib\RP6common\RP6uart.o
leds_on                                           obj\Debug\RP6Lib\RP6base\RP6RobotBaseLib.o
left_i                                            obj\Debug\RP6Lib\RP6base\RP6RobotBaseLib.o
mSleep                                            obj\Debug\RP6Lib\RP6base\RP6RobotBaseLib.o
                                                  obj\Debug\main.o
main                                              obj\Debug\main.o
                                                  c:/winavr-20100110/bin/../lib/gcc/avr/4.3.3/../../../../avr/lib/avr5/crtm32.o
mleft_counter                                     obj\Debug\RP6Lib\RP6base\RP6RobotBaseLib.o
mleft_des_dir                                     obj\Debug\RP6Lib\RP6base\RP6RobotBaseLib.o
mleft_des_speed                                   obj\Debug\RP6Lib\RP6base\RP6RobotBaseLib.o
mleft_des_speed_tmp                               obj\Debug\RP6Lib\RP6base\RP6RobotBaseLib.o
mleft_dir                                         obj\Debug\RP6Lib\RP6base\RP6RobotBaseLib.o
mleft_dist                                        obj\Debug\RP6Lib\RP6base\RP6RobotBaseLib.o
mleft_power                                       obj\Debug\RP6Lib\RP6base\RP6RobotBaseLib.o
mleft_ptmp                                        obj\Debug\RP6Lib\RP6base\RP6RobotBaseLib.o
mleft_speed                                       obj\Debug\RP6Lib\RP6base\RP6RobotBaseLib.o
mode_Drive                                        obj\Debug\main.o
mode_Obstacle                                     obj\Debug\main.o
motion_status                                     obj\Debug\RP6Lib\RP6base\RP6RobotBaseLib.o
                                                  obj\Debug\main.o
motion_status_tmp                                 obj\Debug\RP6Lib\RP6base\RP6RobotBaseLib.o
motor_control                                     obj\Debug\RP6Lib\RP6base\RP6RobotBaseLib.o
move                                              obj\Debug\RP6Lib\RP6base\RP6RobotBaseLib.o
                                                  obj\Debug\main.o
moveAtSpeed                                       obj\Debug\RP6Lib\RP6base\RP6RobotBaseLib.o
                                                  obj\Debug\main.o
moveAtSpeedDirection                              obj\Debug\RP6Lib\RP6base\RP6RobotBaseLib.o
mright_counter                                    obj\Debug\RP6Lib\RP6base\RP6RobotBaseLib.o
mright_des_dir                                    obj\Debug\RP6Lib\RP6base\RP6RobotBaseLib.o
mright_des_speed                                  obj\Debug\RP6Lib\RP6base\RP6RobotBaseLib.o
mright_des_speed_tmp                              obj\Debug\RP6Lib\RP6base\RP6RobotBaseLib.o
mright_dir                                        obj\Debug\RP6Lib\RP6base\RP6RobotBaseLib.o
mright_dist                                       obj\Debug\RP6Lib\RP6base\RP6RobotBaseLib.o
mright_power                                      obj\Debug\RP6Lib\RP6base\RP6RobotBaseLib.o
mright_ptmp                                       obj\Debug\RP6Lib\RP6base\RP6RobotBaseLib.o
mright_speed                                      obj\Debug\RP6Lib\RP6base\RP6RobotBaseLib.o
ms_timer                                          obj\Debug\RP6Lib\RP6base\RP6RobotBaseLib.o
obstacle_left                                     obj\Debug\RP6Lib\RP6base\RP6RobotBaseLib.o
obstacle_right                                    obj\Debug\RP6Lib\RP6base\RP6RobotBaseLib.o
overcurrent_error_clear                           obj\Debug\RP6Lib\RP6base\RP6RobotBaseLib.o
overcurrent_errors                                obj\Debug\RP6Lib\RP6base\RP6RobotBaseLib.o
overcurrent_timeout                               obj\Debug\RP6Lib\RP6base\RP6RobotBaseLib.o
overcurrent_timer                                 obj\Debug\RP6Lib\RP6base\RP6RobotBaseLib.o
powerOFF                                          obj\Debug\RP6Lib\RP6base\RP6RobotBaseLib.o
powerON                                           obj\Debug\RP6Lib\RP6base\RP6RobotBaseLib.o
                                                  obj\Debug\main.o
preDecelerate_L                                   obj\Debug\RP6Lib\RP6base\RP6RobotBaseLib.o
preDecelerate_R                                   obj\Debug\RP6Lib\RP6base\RP6RobotBaseLib.o
preStop_L                                         obj\Debug\RP6Lib\RP6base\RP6RobotBaseLib.o
preStop_R                                         obj\Debug\RP6Lib\RP6base\RP6RobotBaseLib.o
readADC                                           obj\Debug\RP6Lib\RP6base\RP6RobotBaseLib.o
readChar                                          obj\Debug\RP6Lib\RP6common\RP6uart.o
readChars                                         obj\Debug\RP6Lib\RP6common\RP6uart.o
read_pos                                          obj\Debug\RP6Lib\RP6common\RP6uart.o
read_size                                         obj\Debug\RP6Lib\RP6common\RP6uart.o
right_i                                           obj\Debug\RP6Lib\RP6base\RP6RobotBaseLib.o
rotate                                            obj\Debug\RP6Lib\RP6base\RP6RobotBaseLib.o
                                                  obj\Debug\main.o
setACSPwrHigh                                     obj\Debug\RP6Lib\RP6base\RP6RobotBaseLib.o
setACSPwrLow                                      obj\Debug\RP6Lib\RP6base\RP6RobotBaseLib.o
setACSPwrMed                                      obj\Debug\RP6Lib\RP6base\RP6RobotBaseLib.o
setACSPwrOff                                      obj\Debug\RP6Lib\RP6base\RP6RobotBaseLib.o
setLEDs                                           obj\Debug\RP6Lib\RP6base\RP6RobotBaseLib.o
setMotorDir                                       obj\Debug\RP6Lib\RP6base\RP6RobotBaseLib.o
setMotorPower                                     obj\Debug\RP6Lib\RP6base\RP6RobotBaseLib.o
sleep                                             obj\Debug\RP6Lib\RP6base\RP6RobotBaseLib.o
speed_adjust_timer                                obj\Debug\RP6Lib\RP6base\RP6RobotBaseLib.o
speed_timer                                       obj\Debug\RP6Lib\RP6base\RP6RobotBaseLib.o
startADC                                          obj\Debug\RP6Lib\RP6base\RP6RobotBaseLib.o
state                                             obj\Debug\main.o
stateModel                                        obj\Debug\main.o
statusLEDs                                        obj\Debug\RP6Lib\RP6base\RP6RobotBaseLib.o
                                                  obj\Debug\main.o
stop                                              obj\Debug\RP6Lib\RP6base\RP6RobotBaseLib.o
stopwatches                                       obj\Debug\RP6Lib\RP6base\RP6RobotBaseLib.o
strlen                                            c:/winavr-20100110/bin/../lib/gcc/avr/4.3.3/../../../../avr/lib/avr5\libc.a(strlen.o)
                                                  obj\Debug\RP6Lib\RP6common\RP6uart.o
strrev                                            c:/winavr-20100110/bin/../lib/gcc/avr/4.3.3/../../../../avr/lib/avr5\libc.a(strrev.o)
                                                  c:/winavr-20100110/bin/../lib/gcc/avr/4.3.3/../../../../avr/lib/avr5\libc.a(itoa.o)
sysStatACS                                        obj\Debug\RP6Lib\RP6base\RP6RobotBaseLib.o
task_ACS                                          obj\Debug\RP6Lib\RP6base\RP6RobotBaseLib.o
task_ADC                                          obj\Debug\RP6Lib\RP6base\RP6RobotBaseLib.o
task_Bumpers                                      obj\Debug\RP6Lib\RP6base\RP6RobotBaseLib.o
task_RP6System                                    obj\Debug\RP6Lib\RP6base\RP6RobotBaseLib.o
                                                  obj\Debug\main.o
task_motionControl                                obj\Debug\RP6Lib\RP6base\RP6RobotBaseLib.o
timer                                             obj\Debug\RP6Lib\RP6base\RP6RobotBaseLib.o
                                                  obj\Debug\main.o
uart_receive_buffer                               obj\Debug\RP6Lib\RP6common\RP6uart.o
uart_status                                       obj\Debug\RP6Lib\RP6common\RP6uart.o
updateStatusLEDs                                  obj\Debug\RP6Lib\RP6base\RP6RobotBaseLib.o
writeChar                                         obj\Debug\RP6Lib\RP6common\RP6uart.o
writeInteger                                      obj\Debug\RP6Lib\RP6common\RP6uart.o
writeIntegerLength                                obj\Debug\RP6Lib\RP6common\RP6uart.o
writeNStringP                                     obj\Debug\RP6Lib\RP6common\RP6uart.o
                                                  obj\Debug\RP6Lib\RP6base\RP6RobotBaseLib.o
writeString                                       obj\Debug\RP6Lib\RP6common\RP6uart.o
writeStringLength                                 obj\Debug\RP6Lib\RP6common\RP6uart.o
write_pos                                         obj\Debug\RP6Lib\RP6common\RP6uart.o
write_size                                        obj\Debug\RP6Lib\RP6common\RP6uart.o
